[2026-07-12T04:00:09.759+0000] {local_task_job_runner.py:123} INFO - ::group::Pre task execution logs
[2026-07-12T04:00:09.791+0000] {taskinstance.py:2613} INFO - Dependencies all met for dep_context=non-requeueable deps ti=<TaskInstance: weather_scrape_and_load.dbt_run scheduled__2026-07-12T03:00:00+00:00 [queued]>
[2026-07-12T04:00:09.805+0000] {taskinstance.py:2613} INFO - Dependencies all met for dep_context=requeueable deps ti=<TaskInstance: weather_scrape_and_load.dbt_run scheduled__2026-07-12T03:00:00+00:00 [queued]>
[2026-07-12T04:00:09.806+0000] {taskinstance.py:2866} INFO - Starting attempt 1 of 3
[2026-07-12T04:00:09.837+0000] {taskinstance.py:2889} INFO - Executing <Task(BashOperator): dbt_run> on 2026-07-12 03:00:00+00:00
[2026-07-12T04:00:09.854+0000] {logging_mixin.py:190} WARNING - /home/airflow/.local/lib/python3.12/site-packages/airflow/task/task_runner/standard_task_runner.py:70 DeprecationWarning: This process (pid=21136) is multi-threaded, use of fork() may lead to deadlocks in the child.
[2026-07-12T04:00:09.855+0000] {standard_task_runner.py:72} INFO - Started process 21137 to run task
[2026-07-12T04:00:09.853+0000] {standard_task_runner.py:104} INFO - Running: ['airflow', 'tasks', 'run', 'weather_scrape_and_load', 'dbt_run', 'scheduled__2026-07-12T03:00:00+00:00', '--job-id', '89', '--raw', '--subdir', 'DAGS_FOLDER/weather_scrape_dag.py', '--cfg-path', '/tmp/tmp9ez89cgz']
[2026-07-12T04:00:09.857+0000] {standard_task_runner.py:105} INFO - Job 89: Subtask dbt_run
[2026-07-12T04:00:09.955+0000] {task_command.py:467} INFO - Running <TaskInstance: weather_scrape_and_load.dbt_run scheduled__2026-07-12T03:00:00+00:00 [running]> on host 8a54ca2d50f9
[2026-07-12T04:00:10.121+0000] {taskinstance.py:3132} INFO - Exporting env vars: AIRFLOW_CTX_DAG_OWNER='otto' AIRFLOW_CTX_DAG_ID='weather_scrape_and_load' AIRFLOW_CTX_TASK_ID='dbt_run' AIRFLOW_CTX_EXECUTION_DATE='2026-07-12T03:00:00+00:00' AIRFLOW_CTX_TRY_NUMBER='1' AIRFLOW_CTX_DAG_RUN_ID='scheduled__2026-07-12T03:00:00+00:00'
[2026-07-12T04:00:10.122+0000] {taskinstance.py:731} INFO - ::endgroup::
[2026-07-12T04:00:10.153+0000] {subprocess.py:78} INFO - Tmp dir root location: /tmp
[2026-07-12T04:00:10.154+0000] {subprocess.py:88} INFO - Running command: ['/usr/bin/bash', '-c', 'cd /opt/airflow/weather_dbt && dbt run']
[2026-07-12T04:00:10.174+0000] {subprocess.py:99} INFO - Output:
[2026-07-12T04:00:15.024+0000] {subprocess.py:106} INFO - [0m04:00:15  Running with dbt=1.11.12
[2026-07-12T04:00:15.609+0000] {subprocess.py:106} INFO - [0m04:00:15  Registered adapter: postgres=1.10.2
[2026-07-12T04:00:16.100+0000] {subprocess.py:106} INFO - [0m04:00:16  [[33mWARNING[0m]: Configuration paths exist in your dbt_project.yml file which do not apply to any resources.
[2026-07-12T04:00:16.101+0000] {subprocess.py:106} INFO - There are 1 unused configuration paths:
[2026-07-12T04:00:16.101+0000] {subprocess.py:106} INFO - - models.weather_dbt.example
[2026-07-12T04:00:16.388+0000] {subprocess.py:106} INFO - [0m04:00:16  Found 1 model, 1 source, 475 macros
[2026-07-12T04:00:16.393+0000] {subprocess.py:106} INFO - [0m04:00:16
[2026-07-12T04:00:16.394+0000] {subprocess.py:106} INFO - [0m04:00:16  Concurrency: 1 threads (target='dev')
[2026-07-12T04:00:16.394+0000] {subprocess.py:106} INFO - [0m04:00:16
[2026-07-12T04:00:16.574+0000] {subprocess.py:106} INFO - [0m04:00:16  1 of 1 START sql view model raw_staging.stg_data ............................... [RUN]
[2026-07-12T04:00:16.807+0000] {subprocess.py:106} INFO - [0m04:00:16  1 of 1 OK created sql view model raw_staging.stg_data .......................... [[32mCREATE VIEW[0m in 0.23s]
[2026-07-12T04:00:16.827+0000] {subprocess.py:106} INFO - [0m04:00:16
[2026-07-12T04:00:16.828+0000] {subprocess.py:106} INFO - [0m04:00:16  Finished running 1 view model in 0 hours 0 minutes and 0.43 seconds (0.43s).
[2026-07-12T04:00:16.907+0000] {subprocess.py:106} INFO - [0m04:00:16
[2026-07-12T04:00:16.909+0000] {subprocess.py:106} INFO - [0m04:00:16  [32mCompleted successfully[0m
[2026-07-12T04:00:16.910+0000] {subprocess.py:106} INFO - [0m04:00:16
[2026-07-12T04:00:16.911+0000] {subprocess.py:106} INFO - [0m04:00:16  Done. PASS=1 WARN=0 ERROR=0 SKIP=0 NO-OP=0 TOTAL=1
[2026-07-12T04:00:18.565+0000] {subprocess.py:110} INFO - Command exited with return code 0
[2026-07-12T04:00:18.622+0000] {taskinstance.py:340} INFO - ::group::Post task execution logs
[2026-07-12T04:00:18.623+0000] {taskinstance.py:352} INFO - Marking task as SUCCESS. dag_id=weather_scrape_and_load, task_id=dbt_run, run_id=scheduled__2026-07-12T03:00:00+00:00, execution_date=20260712T030000, start_date=20260712T040009, end_date=20260712T040018
[2026-07-12T04:00:18.682+0000] {local_task_job_runner.py:266} INFO - Task exited with return code 0
[2026-07-12T04:00:18.711+0000] {taskinstance.py:3895} INFO - 0 downstream tasks scheduled from follow-on schedule check
[2026-07-12T04:00:18.714+0000] {local_task_job_runner.py:245} INFO - ::endgroup::
