[2026-07-11T02:00:00.692+0000] {local_task_job_runner.py:123} INFO - ::group::Pre task execution logs
[2026-07-11T02:00:00.724+0000] {taskinstance.py:2613} INFO - Dependencies all met for dep_context=non-requeueable deps ti=<TaskInstance: weather_scrape_and_load.scrape_and_load_weather scheduled__2026-07-11T01:00:00+00:00 [queued]>
[2026-07-11T02:00:00.739+0000] {taskinstance.py:2613} INFO - Dependencies all met for dep_context=requeueable deps ti=<TaskInstance: weather_scrape_and_load.scrape_and_load_weather scheduled__2026-07-11T01:00:00+00:00 [queued]>
[2026-07-11T02:00:00.740+0000] {taskinstance.py:2866} INFO - Starting attempt 1 of 3
[2026-07-11T02:00:00.770+0000] {taskinstance.py:2889} INFO - Executing <Task(BashOperator): scrape_and_load_weather> on 2026-07-11 01:00:00+00:00
[2026-07-11T02:00:00.784+0000] {standard_task_runner.py:104} INFO - Running: ['airflow', 'tasks', 'run', 'weather_scrape_and_load', 'scrape_and_load_weather', 'scheduled__2026-07-11T01:00:00+00:00', '--job-id', '36', '--raw', '--subdir', 'DAGS_FOLDER/weather_scrape_dag.py', '--cfg-path', '/tmp/tmpiecxz_o_']
[2026-07-11T02:00:00.788+0000] {standard_task_runner.py:105} INFO - Job 36: Subtask scrape_and_load_weather
[2026-07-11T02:00:00.790+0000] {logging_mixin.py:190} WARNING - /home/airflow/.local/lib/python3.12/site-packages/airflow/task/task_runner/standard_task_runner.py:70 DeprecationWarning: This process (pid=5265) is multi-threaded, use of fork() may lead to deadlocks in the child.
[2026-07-11T02:00:00.791+0000] {standard_task_runner.py:72} INFO - Started process 5266 to run task
[2026-07-11T02:00:00.878+0000] {task_command.py:467} INFO - Running <TaskInstance: weather_scrape_and_load.scrape_and_load_weather scheduled__2026-07-11T01:00:00+00:00 [running]> on host 8a54ca2d50f9
[2026-07-11T02:00:01.050+0000] {taskinstance.py:3132} INFO - Exporting env vars: AIRFLOW_CTX_DAG_OWNER='otto' AIRFLOW_CTX_DAG_ID='weather_scrape_and_load' AIRFLOW_CTX_TASK_ID='scrape_and_load_weather' AIRFLOW_CTX_EXECUTION_DATE='2026-07-11T01:00:00+00:00' AIRFLOW_CTX_TRY_NUMBER='1' AIRFLOW_CTX_DAG_RUN_ID='scheduled__2026-07-11T01:00:00+00:00'
[2026-07-11T02:00:01.051+0000] {taskinstance.py:731} INFO - ::endgroup::
[2026-07-11T02:00:01.085+0000] {subprocess.py:78} INFO - Tmp dir root location: /tmp
[2026-07-11T02:00:01.086+0000] {subprocess.py:88} INFO - Running command: ['/usr/bin/bash', '-c', 'python /opt/airflow/scripts/get_data.py']
[2026-07-11T02:00:01.107+0000] {subprocess.py:99} INFO - Output:
[2026-07-11T02:00:11.289+0000] {subprocess.py:106} INFO - Fetching Manila...
[2026-07-11T02:00:11.290+0000] {subprocess.py:106} INFO - Attempt 1 failed for Manila: 503 Server Error: Service Unavailable for url: https://api.open-meteo.com/v1/forecast?latitude=14.5995&longitude=120.9842&current=temperature_2m,rain,wind_speed_10m&timezone=Asia%2FManila
[2026-07-11T02:00:11.290+0000] {subprocess.py:106} INFO - [Manila] attempt 1 failed (503 Server Error: Service Unavailable for url: https://api.open-meteo.com/v1/forecast?latitude=14.5995&longitude=120.9842&current=temperature_2m,rain,wind_speed_10m&timezone=Asia%2FManila), retrying in 2s...
[2026-07-11T02:00:11.291+0000] {subprocess.py:106} INFO - [Manila] inserted OK
[2026-07-11T02:00:11.291+0000] {subprocess.py:106} INFO - Fetching Cebu...
[2026-07-11T02:00:11.291+0000] {subprocess.py:106} INFO - [Cebu] inserted OK
[2026-07-11T02:00:11.292+0000] {subprocess.py:106} INFO - Fetching Davao...
[2026-07-11T02:00:11.292+0000] {subprocess.py:106} INFO - [Davao] inserted OK
[2026-07-11T02:00:11.293+0000] {subprocess.py:106} INFO - Fetching Baguio...
[2026-07-11T02:00:11.293+0000] {subprocess.py:106} INFO - [Baguio] inserted OK
[2026-07-11T02:00:11.294+0000] {subprocess.py:106} INFO - Fetching Iloilo...
[2026-07-11T02:00:11.294+0000] {subprocess.py:106} INFO - [Iloilo] inserted OK
[2026-07-11T02:00:11.337+0000] {subprocess.py:110} INFO - Command exited with return code 0
[2026-07-11T02:00:11.386+0000] {taskinstance.py:340} INFO - ::group::Post task execution logs
[2026-07-11T02:00:11.387+0000] {taskinstance.py:352} INFO - Marking task as SUCCESS. dag_id=weather_scrape_and_load, task_id=scrape_and_load_weather, run_id=scheduled__2026-07-11T01:00:00+00:00, execution_date=20260711T010000, start_date=20260711T020000, end_date=20260711T020011
[2026-07-11T02:00:11.453+0000] {local_task_job_runner.py:266} INFO - Task exited with return code 0
[2026-07-11T02:00:11.491+0000] {taskinstance.py:3895} INFO - 1 downstream tasks scheduled from follow-on schedule check
[2026-07-11T02:00:11.494+0000] {local_task_job_runner.py:245} INFO - ::endgroup::
