[2026-07-14T20:38:32.565+0000] {local_task_job_runner.py:123} INFO - ::group::Pre task execution logs
[2026-07-14T20:38:32.580+0000] {taskinstance.py:2613} INFO - Dependencies all met for dep_context=non-requeueable deps ti=<TaskInstance: weather_scrape_and_load.scrape_and_load_weather manual__2026-07-14T20:38:31.979528+00:00 [queued]>
[2026-07-14T20:38:32.587+0000] {taskinstance.py:2613} INFO - Dependencies all met for dep_context=requeueable deps ti=<TaskInstance: weather_scrape_and_load.scrape_and_load_weather manual__2026-07-14T20:38:31.979528+00:00 [queued]>
[2026-07-14T20:38:32.587+0000] {taskinstance.py:2866} INFO - Starting attempt 1 of 3
[2026-07-14T20:38:32.599+0000] {taskinstance.py:2889} INFO - Executing <Task(BashOperator): scrape_and_load_weather> on 2026-07-14 20:38:31.979528+00:00
[2026-07-14T20:38:32.604+0000] {standard_task_runner.py:104} INFO - Running: ['airflow', 'tasks', 'run', 'weather_scrape_and_load', 'scrape_and_load_weather', 'manual__2026-07-14T20:38:31.979528+00:00', '--job-id', '165', '--raw', '--subdir', 'DAGS_FOLDER/weather_scrape_dag.py', '--cfg-path', '/tmp/tmpidjq3jyc']
[2026-07-14T20:38:32.606+0000] {standard_task_runner.py:105} INFO - Job 165: Subtask scrape_and_load_weather
[2026-07-14T20:38:32.607+0000] {logging_mixin.py:190} WARNING - /home/airflow/.local/lib/python3.12/site-packages/airflow/task/task_runner/standard_task_runner.py:70 DeprecationWarning: This process (pid=6988) is multi-threaded, use of fork() may lead to deadlocks in the child.
[2026-07-14T20:38:32.607+0000] {standard_task_runner.py:72} INFO - Started process 6989 to run task
[2026-07-14T20:38:32.637+0000] {task_command.py:467} INFO - Running <TaskInstance: weather_scrape_and_load.scrape_and_load_weather manual__2026-07-14T20:38:31.979528+00:00 [running]> on host 24be19205f98
[2026-07-14T20:38:32.713+0000] {taskinstance.py:3132} INFO - Exporting env vars: AIRFLOW_CTX_DAG_OWNER='otto' AIRFLOW_CTX_DAG_ID='weather_scrape_and_load' AIRFLOW_CTX_TASK_ID='scrape_and_load_weather' AIRFLOW_CTX_EXECUTION_DATE='2026-07-14T20:38:31.979528+00:00' AIRFLOW_CTX_TRY_NUMBER='1' AIRFLOW_CTX_DAG_RUN_ID='manual__2026-07-14T20:38:31.979528+00:00'
[2026-07-14T20:38:32.714+0000] {taskinstance.py:731} INFO - ::endgroup::
[2026-07-14T20:38:32.732+0000] {subprocess.py:78} INFO - Tmp dir root location: /tmp
[2026-07-14T20:38:32.732+0000] {subprocess.py:88} INFO - Running command: ['/usr/bin/bash', '-c', 'python /opt/airflow/scripts/get_data.py']
[2026-07-14T20:38:32.740+0000] {subprocess.py:99} INFO - Output:
[2026-07-14T20:38:38.260+0000] {subprocess.py:106} INFO - Fetching Manila...
[2026-07-14T20:38:38.261+0000] {subprocess.py:106} INFO - [Manila] inserted OK
[2026-07-14T20:38:38.261+0000] {subprocess.py:106} INFO - Fetching Cebu...
[2026-07-14T20:38:38.261+0000] {subprocess.py:106} INFO - [Cebu] inserted OK
[2026-07-14T20:38:38.261+0000] {subprocess.py:106} INFO - Fetching Davao...
[2026-07-14T20:38:38.261+0000] {subprocess.py:106} INFO - [Davao] inserted OK
[2026-07-14T20:38:38.261+0000] {subprocess.py:106} INFO - Fetching Baguio...
[2026-07-14T20:38:38.261+0000] {subprocess.py:106} INFO - [Baguio] inserted OK
[2026-07-14T20:38:38.261+0000] {subprocess.py:106} INFO - Fetching Iloilo...
[2026-07-14T20:38:38.262+0000] {subprocess.py:106} INFO - [Iloilo] inserted OK
[2026-07-14T20:38:38.280+0000] {subprocess.py:110} INFO - Command exited with return code 0
[2026-07-14T20:38:38.300+0000] {taskinstance.py:340} INFO - ::group::Post task execution logs
[2026-07-14T20:38:38.301+0000] {taskinstance.py:352} INFO - Marking task as SUCCESS. dag_id=weather_scrape_and_load, task_id=scrape_and_load_weather, run_id=manual__2026-07-14T20:38:31.979528+00:00, execution_date=20260714T203831, start_date=20260714T203832, end_date=20260714T203838
[2026-07-14T20:38:38.325+0000] {local_task_job_runner.py:266} INFO - Task exited with return code 0
[2026-07-14T20:38:38.340+0000] {taskinstance.py:3895} INFO - 1 downstream tasks scheduled from follow-on schedule check
[2026-07-14T20:38:38.343+0000] {local_task_job_runner.py:245} INFO - ::endgroup::
