[2026-07-13T05:10:48.603+0000] {local_task_job_runner.py:123} INFO - ::group::Pre task execution logs
[2026-07-13T05:10:48.633+0000] {taskinstance.py:2613} INFO - Dependencies all met for dep_context=non-requeueable deps ti=<TaskInstance: weather_scrape_and_load.dbt_run scheduled__2026-07-12T23:00:00+00:00 [queued]>
[2026-07-13T05:10:48.646+0000] {taskinstance.py:2613} INFO - Dependencies all met for dep_context=requeueable deps ti=<TaskInstance: weather_scrape_and_load.dbt_run scheduled__2026-07-12T23:00:00+00:00 [queued]>
[2026-07-13T05:10:48.647+0000] {taskinstance.py:2866} INFO - Starting attempt 1 of 3
[2026-07-13T05:10:48.669+0000] {taskinstance.py:2889} INFO - Executing <Task(BashOperator): dbt_run> on 2026-07-12 23:00:00+00:00
[2026-07-13T05:10:48.680+0000] {standard_task_runner.py:104} INFO - Running: ['airflow', 'tasks', 'run', 'weather_scrape_and_load', 'dbt_run', 'scheduled__2026-07-12T23:00:00+00:00', '--job-id', '132', '--raw', '--subdir', 'DAGS_FOLDER/weather_scrape_dag.py', '--cfg-path', '/tmp/tmpot8fazfz']
[2026-07-13T05:10:48.684+0000] {standard_task_runner.py:105} INFO - Job 132: Subtask dbt_run
[2026-07-13T05:10:48.686+0000] {logging_mixin.py:190} WARNING - /home/airflow/.local/lib/python3.12/site-packages/airflow/task/task_runner/standard_task_runner.py:70 DeprecationWarning: This process (pid=217) is multi-threaded, use of fork() may lead to deadlocks in the child.
[2026-07-13T05:10:48.687+0000] {standard_task_runner.py:72} INFO - Started process 218 to run task
[2026-07-13T05:10:48.764+0000] {task_command.py:467} INFO - Running <TaskInstance: weather_scrape_and_load.dbt_run scheduled__2026-07-12T23:00:00+00:00 [running]> on host 8a54ca2d50f9
[2026-07-13T05:10:48.911+0000] {taskinstance.py:3132} INFO - Exporting env vars: AIRFLOW_CTX_DAG_OWNER='otto' AIRFLOW_CTX_DAG_ID='weather_scrape_and_load' AIRFLOW_CTX_TASK_ID='dbt_run' AIRFLOW_CTX_EXECUTION_DATE='2026-07-12T23:00:00+00:00' AIRFLOW_CTX_TRY_NUMBER='1' AIRFLOW_CTX_DAG_RUN_ID='scheduled__2026-07-12T23:00:00+00:00'
[2026-07-13T05:10:48.912+0000] {taskinstance.py:731} INFO - ::endgroup::
[2026-07-13T05:10:48.940+0000] {subprocess.py:78} INFO - Tmp dir root location: /tmp
[2026-07-13T05:10:48.941+0000] {subprocess.py:88} INFO - Running command: ['/usr/bin/bash', '-c', 'cd /opt/airflow/weather_dbt && dbt run']
[2026-07-13T05:10:48.956+0000] {subprocess.py:99} INFO - Output:
[2026-07-13T05:10:54.033+0000] {subprocess.py:106} INFO - [0m05:10:54  Running with dbt=1.11.12
[2026-07-13T05:10:54.685+0000] {subprocess.py:106} INFO - [0m05:10:54  Registered adapter: postgres=1.10.2
[2026-07-13T05:10:55.204+0000] {subprocess.py:106} INFO - [0m05:10:55  [[33mWARNING[0m]: Configuration paths exist in your dbt_project.yml file which do not apply to any resources.
[2026-07-13T05:10:55.204+0000] {subprocess.py:106} INFO - There are 1 unused configuration paths:
[2026-07-13T05:10:55.205+0000] {subprocess.py:106} INFO - - models.weather_dbt.example
[2026-07-13T05:10:55.495+0000] {subprocess.py:106} INFO - [0m05:10:55  Found 1 model, 1 source, 475 macros
[2026-07-13T05:10:55.499+0000] {subprocess.py:106} INFO - [0m05:10:55
[2026-07-13T05:10:55.500+0000] {subprocess.py:106} INFO - [0m05:10:55  Concurrency: 1 threads (target='dev')
[2026-07-13T05:10:55.500+0000] {subprocess.py:106} INFO - [0m05:10:55
[2026-07-13T05:10:55.688+0000] {subprocess.py:106} INFO - [0m05:10:55  1 of 1 START sql view model raw_staging.stg_data ............................... [RUN]
[2026-07-13T05:10:55.908+0000] {subprocess.py:106} INFO - [0m05:10:55  1 of 1 OK created sql view model raw_staging.stg_data .......................... [[32mCREATE VIEW[0m in 0.21s]
[2026-07-13T05:10:55.929+0000] {subprocess.py:106} INFO - [0m05:10:55
[2026-07-13T05:10:55.929+0000] {subprocess.py:106} INFO - [0m05:10:55  Finished running 1 view model in 0 hours 0 minutes and 0.43 seconds (0.43s).
[2026-07-13T05:10:56.004+0000] {subprocess.py:106} INFO - [0m05:10:56
[2026-07-13T05:10:56.005+0000] {subprocess.py:106} INFO - [0m05:10:56  [32mCompleted successfully[0m
[2026-07-13T05:10:56.005+0000] {subprocess.py:106} INFO - [0m05:10:56
[2026-07-13T05:10:56.006+0000] {subprocess.py:106} INFO - [0m05:10:56  Done. PASS=1 WARN=0 ERROR=0 SKIP=0 NO-OP=0 TOTAL=1
[2026-07-13T05:10:57.696+0000] {subprocess.py:110} INFO - Command exited with return code 0
[2026-07-13T05:10:57.753+0000] {taskinstance.py:340} INFO - ::group::Post task execution logs
[2026-07-13T05:10:57.753+0000] {taskinstance.py:352} INFO - Marking task as SUCCESS. dag_id=weather_scrape_and_load, task_id=dbt_run, run_id=scheduled__2026-07-12T23:00:00+00:00, execution_date=20260712T230000, start_date=20260713T051048, end_date=20260713T051057
[2026-07-13T05:10:57.807+0000] {local_task_job_runner.py:266} INFO - Task exited with return code 0
[2026-07-13T05:10:57.837+0000] {taskinstance.py:3895} INFO - 0 downstream tasks scheduled from follow-on schedule check
[2026-07-13T05:10:57.841+0000] {local_task_job_runner.py:245} INFO - ::endgroup::
