[2026-07-13T06:00:13.181+0000] {local_task_job_runner.py:123} INFO - ::group::Pre task execution logs
[2026-07-13T06:00:13.213+0000] {taskinstance.py:2613} INFO - Dependencies all met for dep_context=non-requeueable deps ti=<TaskInstance: weather_scrape_and_load.dbt_run scheduled__2026-07-13T05:00:00+00:00 [queued]>
[2026-07-13T06:00:13.228+0000] {taskinstance.py:2613} INFO - Dependencies all met for dep_context=requeueable deps ti=<TaskInstance: weather_scrape_and_load.dbt_run scheduled__2026-07-13T05:00:00+00:00 [queued]>
[2026-07-13T06:00:13.228+0000] {taskinstance.py:2866} INFO - Starting attempt 1 of 3
[2026-07-13T06:00:13.259+0000] {taskinstance.py:2889} INFO - Executing <Task(BashOperator): dbt_run> on 2026-07-13 05:00:00+00:00
[2026-07-13T06:00:13.273+0000] {standard_task_runner.py:104} INFO - Running: ['airflow', 'tasks', 'run', 'weather_scrape_and_load', 'dbt_run', 'scheduled__2026-07-13T05:00:00+00:00', '--job-id', '139', '--raw', '--subdir', 'DAGS_FOLDER/weather_scrape_dag.py', '--cfg-path', '/tmp/tmp2w7et4o4']
[2026-07-13T06:00:13.278+0000] {standard_task_runner.py:105} INFO - Job 139: Subtask dbt_run
[2026-07-13T06:00:13.283+0000] {logging_mixin.py:190} WARNING - /home/airflow/.local/lib/python3.12/site-packages/airflow/task/task_runner/standard_task_runner.py:70 DeprecationWarning: This process (pid=541) is multi-threaded, use of fork() may lead to deadlocks in the child.
[2026-07-13T06:00:13.284+0000] {standard_task_runner.py:72} INFO - Started process 542 to run task
[2026-07-13T06:00:13.370+0000] {task_command.py:467} INFO - Running <TaskInstance: weather_scrape_and_load.dbt_run scheduled__2026-07-13T05:00:00+00:00 [running]> on host 24be19205f98
[2026-07-13T06:00:13.543+0000] {taskinstance.py:3132} INFO - Exporting env vars: AIRFLOW_CTX_DAG_OWNER='otto' AIRFLOW_CTX_DAG_ID='weather_scrape_and_load' AIRFLOW_CTX_TASK_ID='dbt_run' AIRFLOW_CTX_EXECUTION_DATE='2026-07-13T05:00:00+00:00' AIRFLOW_CTX_TRY_NUMBER='1' AIRFLOW_CTX_DAG_RUN_ID='scheduled__2026-07-13T05:00:00+00:00'
[2026-07-13T06:00:13.544+0000] {taskinstance.py:731} INFO - ::endgroup::
[2026-07-13T06:00:13.574+0000] {subprocess.py:78} INFO - Tmp dir root location: /tmp
[2026-07-13T06:00:13.575+0000] {subprocess.py:88} INFO - Running command: ['/usr/bin/bash', '-c', 'cd /opt/airflow/weather_dbt && dbt run']
[2026-07-13T06:00:13.592+0000] {subprocess.py:99} INFO - Output:
[2026-07-13T06:00:19.607+0000] {subprocess.py:106} INFO - [0m06:00:19  Running with dbt=1.11.12
[2026-07-13T06:00:20.305+0000] {subprocess.py:106} INFO - [0m06:00:20  Registered adapter: postgres=1.10.2
[2026-07-13T06:00:20.915+0000] {subprocess.py:106} INFO - [0m06:00:20  [[33mWARNING[0m]: Configuration paths exist in your dbt_project.yml file which do not apply to any resources.
[2026-07-13T06:00:20.916+0000] {subprocess.py:106} INFO - There are 1 unused configuration paths:
[2026-07-13T06:00:20.916+0000] {subprocess.py:106} INFO - - models.weather_dbt.example
[2026-07-13T06:00:21.235+0000] {subprocess.py:106} INFO - [0m06:00:21  Found 1 model, 1 source, 475 macros
[2026-07-13T06:00:21.241+0000] {subprocess.py:106} INFO - [0m06:00:21
[2026-07-13T06:00:21.242+0000] {subprocess.py:106} INFO - [0m06:00:21  Concurrency: 1 threads (target='dev')
[2026-07-13T06:00:21.243+0000] {subprocess.py:106} INFO - [0m06:00:21
[2026-07-13T06:00:21.438+0000] {subprocess.py:106} INFO - [0m06:00:21  1 of 1 START sql view model raw_staging.stg_data ............................... [RUN]
[2026-07-13T06:00:21.680+0000] {subprocess.py:106} INFO - [0m06:00:21  1 of 1 OK created sql view model raw_staging.stg_data .......................... [[32mCREATE VIEW[0m in 0.24s]
[2026-07-13T06:00:21.703+0000] {subprocess.py:106} INFO - [0m06:00:21
[2026-07-13T06:00:21.704+0000] {subprocess.py:106} INFO - [0m06:00:21  Finished running 1 view model in 0 hours 0 minutes and 0.46 seconds (0.46s).
[2026-07-13T06:00:21.814+0000] {subprocess.py:106} INFO - [0m06:00:21
[2026-07-13T06:00:21.815+0000] {subprocess.py:106} INFO - [0m06:00:21  [32mCompleted successfully[0m
[2026-07-13T06:00:21.816+0000] {subprocess.py:106} INFO - [0m06:00:21
[2026-07-13T06:00:21.817+0000] {subprocess.py:106} INFO - [0m06:00:21  Done. PASS=1 WARN=0 ERROR=0 SKIP=0 NO-OP=0 TOTAL=1
[2026-07-13T06:00:23.533+0000] {subprocess.py:110} INFO - Command exited with return code 0
[2026-07-13T06:00:23.587+0000] {taskinstance.py:340} INFO - ::group::Post task execution logs
[2026-07-13T06:00:23.588+0000] {taskinstance.py:352} INFO - Marking task as SUCCESS. dag_id=weather_scrape_and_load, task_id=dbt_run, run_id=scheduled__2026-07-13T05:00:00+00:00, execution_date=20260713T050000, start_date=20260713T060013, end_date=20260713T060023
[2026-07-13T06:00:23.654+0000] {local_task_job_runner.py:266} INFO - Task exited with return code 0
[2026-07-13T06:00:23.686+0000] {taskinstance.py:3895} INFO - 0 downstream tasks scheduled from follow-on schedule check
[2026-07-13T06:00:23.690+0000] {local_task_job_runner.py:245} INFO - ::endgroup::
