[2026-07-15T16:05:14.328+0000] {local_task_job_runner.py:123} INFO - ::group::Pre task execution logs
[2026-07-15T16:05:14.339+0000] {taskinstance.py:2613} INFO - Dependencies all met for dep_context=non-requeueable deps ti=<TaskInstance: weather_scrape_and_load.dbt_run scheduled__2026-07-15T15:00:00+00:00 [queued]>
[2026-07-15T16:05:14.344+0000] {taskinstance.py:2613} INFO - Dependencies all met for dep_context=requeueable deps ti=<TaskInstance: weather_scrape_and_load.dbt_run scheduled__2026-07-15T15:00:00+00:00 [queued]>
[2026-07-15T16:05:14.344+0000] {taskinstance.py:2866} INFO - Starting attempt 2 of 3
[2026-07-15T16:05:14.353+0000] {taskinstance.py:2889} INFO - Executing <Task(BashOperator): dbt_run> on 2026-07-15 15:00:00+00:00
[2026-07-15T16:05:14.358+0000] {logging_mixin.py:190} WARNING - /home/airflow/.local/lib/python3.12/site-packages/airflow/task/task_runner/standard_task_runner.py:70 DeprecationWarning: This process (pid=19506) is multi-threaded, use of fork() may lead to deadlocks in the child.
[2026-07-15T16:05:14.358+0000] {standard_task_runner.py:72} INFO - Started process 19507 to run task
[2026-07-15T16:05:14.358+0000] {standard_task_runner.py:104} INFO - Running: ['airflow', 'tasks', 'run', 'weather_scrape_and_load', 'dbt_run', 'scheduled__2026-07-15T15:00:00+00:00', '--job-id', '253', '--raw', '--subdir', 'DAGS_FOLDER/weather_scrape_dag.py', '--cfg-path', '/tmp/tmpug3z07wn']
[2026-07-15T16:05:14.359+0000] {standard_task_runner.py:105} INFO - Job 253: Subtask dbt_run
[2026-07-15T16:05:14.390+0000] {task_command.py:467} INFO - Running <TaskInstance: weather_scrape_and_load.dbt_run scheduled__2026-07-15T15:00:00+00:00 [running]> on host 24be19205f98
[2026-07-15T16:05:14.443+0000] {taskinstance.py:3132} INFO - Exporting env vars: AIRFLOW_CTX_DAG_OWNER='otto' AIRFLOW_CTX_DAG_ID='weather_scrape_and_load' AIRFLOW_CTX_TASK_ID='dbt_run' AIRFLOW_CTX_EXECUTION_DATE='2026-07-15T15:00:00+00:00' AIRFLOW_CTX_TRY_NUMBER='2' AIRFLOW_CTX_DAG_RUN_ID='scheduled__2026-07-15T15:00:00+00:00'
[2026-07-15T16:05:14.444+0000] {taskinstance.py:731} INFO - ::endgroup::
[2026-07-15T16:05:14.453+0000] {subprocess.py:78} INFO - Tmp dir root location: /tmp
[2026-07-15T16:05:14.454+0000] {subprocess.py:88} INFO - Running command: ['/usr/bin/bash', '-c', 'cd /opt/airflow/weather_dbt && dbt run']
[2026-07-15T16:05:14.461+0000] {subprocess.py:99} INFO - Output:
[2026-07-15T16:05:15.956+0000] {subprocess.py:106} INFO - [0m16:05:15  Running with dbt=1.11.12
[2026-07-15T16:05:16.153+0000] {subprocess.py:106} INFO - [0m16:05:16  Registered adapter: postgres=1.10.2
[2026-07-15T16:05:16.301+0000] {subprocess.py:106} INFO - [0m16:05:16  [[33mWARNING[0m]: Configuration paths exist in your dbt_project.yml file which do not apply to any resources.
[2026-07-15T16:05:16.301+0000] {subprocess.py:106} INFO - There are 1 unused configuration paths:
[2026-07-15T16:05:16.301+0000] {subprocess.py:106} INFO - - models.weather_dbt.example
[2026-07-15T16:05:16.395+0000] {subprocess.py:106} INFO - [0m16:05:16  Found 1 model, 1 source, 476 macros
[2026-07-15T16:05:16.396+0000] {subprocess.py:106} INFO - [0m16:05:16
[2026-07-15T16:05:16.397+0000] {subprocess.py:106} INFO - [0m16:05:16  Concurrency: 1 threads (target='dev')
[2026-07-15T16:05:16.397+0000] {subprocess.py:106} INFO - [0m16:05:16
[2026-07-15T16:05:16.456+0000] {subprocess.py:106} INFO - [0m16:05:16  1 of 1 START sql view model staging.stg_data ................................... [RUN]
[2026-07-15T16:05:16.499+0000] {subprocess.py:106} INFO - [0m16:05:16  1 of 1 ERROR creating sql view model staging.stg_data .......................... [[31mERROR[0m in 0.04s]
[2026-07-15T16:05:16.507+0000] {subprocess.py:106} INFO - [0m16:05:16
[2026-07-15T16:05:16.508+0000] {subprocess.py:106} INFO - [0m16:05:16  Finished running 1 view model in 0 hours 0 minutes and 0.11 seconds (0.11s).
[2026-07-15T16:05:16.533+0000] {subprocess.py:106} INFO - [0m16:05:16
[2026-07-15T16:05:16.533+0000] {subprocess.py:106} INFO - [0m16:05:16  [31mCompleted with 1 error, 0 partial successes, and 0 warnings:[0m
[2026-07-15T16:05:16.534+0000] {subprocess.py:106} INFO - [0m16:05:16
[2026-07-15T16:05:16.534+0000] {subprocess.py:106} INFO - [0m16:05:16  [31mFailure in model stg_data (models/staging/stg_data.sql)[0m
[2026-07-15T16:05:16.534+0000] {subprocess.py:106} INFO - [0m16:05:16    Database Error in model stg_data (models/staging/stg_data.sql)
[2026-07-15T16:05:16.534+0000] {subprocess.py:106} INFO -   syntax error at or near "observed_at"
[2026-07-15T16:05:16.534+0000] {subprocess.py:106} INFO -   LINE 15:     EXTRACT(HOUR FROM TIMESTAMP observed_at) AS observed_hou...
[2026-07-15T16:05:16.535+0000] {subprocess.py:106} INFO -                                            ^
[2026-07-15T16:05:16.535+0000] {subprocess.py:106} INFO -   compiled code at target/run/weather_dbt/models/staging/stg_data.sql
[2026-07-15T16:05:16.535+0000] {subprocess.py:106} INFO - [0m16:05:16
[2026-07-15T16:05:16.535+0000] {subprocess.py:106} INFO - [0m16:05:16    compiled code at target/compiled/weather_dbt/models/staging/stg_data.sql
[2026-07-15T16:05:16.535+0000] {subprocess.py:106} INFO - [0m16:05:16
[2026-07-15T16:05:16.535+0000] {subprocess.py:106} INFO - [0m16:05:16  Done. PASS=0 WARN=0 ERROR=1 SKIP=0 NO-OP=0 TOTAL=1
[2026-07-15T16:05:17.823+0000] {subprocess.py:110} INFO - Command exited with return code 1
[2026-07-15T16:05:17.831+0000] {taskinstance.py:3311} ERROR - Task failed with exception
Traceback (most recent call last):
  File "/home/airflow/.local/lib/python3.12/site-packages/airflow/models/taskinstance.py", line 767, in _execute_task
    result = _execute_callable(context=context, **execute_callable_kwargs)
             ^^^^^^^^^^^^^^^^^^^^^^^^^^^^^^^^^^^^^^^^^^^^^^^^^^^^^^^^^^^^^
  File "/home/airflow/.local/lib/python3.12/site-packages/airflow/models/taskinstance.py", line 733, in _execute_callable
    return ExecutionCallableRunner(
           ^^^^^^^^^^^^^^^^^^^^^^^^
  File "/home/airflow/.local/lib/python3.12/site-packages/airflow/utils/operator_helpers.py", line 252, in run
    return self.func(*args, **kwargs)
           ^^^^^^^^^^^^^^^^^^^^^^^^^^
  File "/home/airflow/.local/lib/python3.12/site-packages/airflow/models/baseoperator.py", line 422, in wrapper
    return func(self, *args, **kwargs)
           ^^^^^^^^^^^^^^^^^^^^^^^^^^^
  File "/home/airflow/.local/lib/python3.12/site-packages/airflow/operators/bash.py", line 276, in execute
    raise AirflowException(
airflow.exceptions.AirflowException: Bash command failed. The command returned a non-zero exit code 1.
[2026-07-15T16:05:17.836+0000] {taskinstance.py:1225} INFO - Marking task as UP_FOR_RETRY. dag_id=weather_scrape_and_load, task_id=dbt_run, run_id=scheduled__2026-07-15T15:00:00+00:00, execution_date=20260715T150000, start_date=20260715T160514, end_date=20260715T160517
[2026-07-15T16:05:17.853+0000] {taskinstance.py:340} INFO - ::group::Post task execution logs
[2026-07-15T16:05:17.854+0000] {standard_task_runner.py:124} ERROR - Failed to execute job 253 for task dbt_run (Bash command failed. The command returned a non-zero exit code 1.; 19507)
Traceback (most recent call last):
  File "/home/airflow/.local/lib/python3.12/site-packages/airflow/task/task_runner/standard_task_runner.py", line 117, in _start_by_fork
    ret = args.func(args, dag=self.dag)
          ^^^^^^^^^^^^^^^^^^^^^^^^^^^^^
  File "/home/airflow/.local/lib/python3.12/site-packages/airflow/cli/cli_config.py", line 49, in command
    return func(*args, **kwargs)
           ^^^^^^^^^^^^^^^^^^^^^
  File "/home/airflow/.local/lib/python3.12/site-packages/airflow/utils/cli.py", line 116, in wrapper
    return f(*args, **kwargs)
           ^^^^^^^^^^^^^^^^^^
  File "/home/airflow/.local/lib/python3.12/site-packages/airflow/cli/commands/task_command.py", line 483, in task_run
    task_return_code = _run_task_by_selected_method(args, _dag, ti)
                       ^^^^^^^^^^^^^^^^^^^^^^^^^^^^^^^^^^^^^^^^^^^^
  File "/home/airflow/.local/lib/python3.12/site-packages/airflow/cli/commands/task_command.py", line 256, in _run_task_by_selected_method
    return _run_raw_task(args, ti)
           ^^^^^^^^^^^^^^^^^^^^^^^
  File "/home/airflow/.local/lib/python3.12/site-packages/airflow/cli/commands/task_command.py", line 341, in _run_raw_task
    return ti._run_raw_task(
           ^^^^^^^^^^^^^^^^^
  File "/home/airflow/.local/lib/python3.12/site-packages/airflow/utils/session.py", line 97, in wrapper
    return func(*args, session=session, **kwargs)
           ^^^^^^^^^^^^^^^^^^^^^^^^^^^^^^^^^^^^^^
  File "/home/airflow/.local/lib/python3.12/site-packages/airflow/models/taskinstance.py", line 3005, in _run_raw_task
    return _run_raw_task(
           ^^^^^^^^^^^^^^
  File "/home/airflow/.local/lib/python3.12/site-packages/airflow/models/taskinstance.py", line 273, in _run_raw_task
    TaskInstance._execute_task_with_callbacks(
  File "/home/airflow/.local/lib/python3.12/site-packages/airflow/models/taskinstance.py", line 3159, in _execute_task_with_callbacks
    result = self._execute_task(context, task_orig)
             ^^^^^^^^^^^^^^^^^^^^^^^^^^^^^^^^^^^^^^
  File "/home/airflow/.local/lib/python3.12/site-packages/airflow/models/taskinstance.py", line 3183, in _execute_task
    return _execute_task(self, context, task_orig)
           ^^^^^^^^^^^^^^^^^^^^^^^^^^^^^^^^^^^^^^^
  File "/home/airflow/.local/lib/python3.12/site-packages/airflow/models/taskinstance.py", line 767, in _execute_task
    result = _execute_callable(context=context, **execute_callable_kwargs)
             ^^^^^^^^^^^^^^^^^^^^^^^^^^^^^^^^^^^^^^^^^^^^^^^^^^^^^^^^^^^^^
  File "/home/airflow/.local/lib/python3.12/site-packages/airflow/models/taskinstance.py", line 733, in _execute_callable
    return ExecutionCallableRunner(
           ^^^^^^^^^^^^^^^^^^^^^^^^
  File "/home/airflow/.local/lib/python3.12/site-packages/airflow/utils/operator_helpers.py", line 252, in run
    return self.func(*args, **kwargs)
           ^^^^^^^^^^^^^^^^^^^^^^^^^^
  File "/home/airflow/.local/lib/python3.12/site-packages/airflow/models/baseoperator.py", line 422, in wrapper
    return func(self, *args, **kwargs)
           ^^^^^^^^^^^^^^^^^^^^^^^^^^^
  File "/home/airflow/.local/lib/python3.12/site-packages/airflow/operators/bash.py", line 276, in execute
    raise AirflowException(
airflow.exceptions.AirflowException: Bash command failed. The command returned a non-zero exit code 1.
[2026-07-15T16:05:17.863+0000] {local_task_job_runner.py:266} INFO - Task exited with return code 1
[2026-07-15T16:05:17.877+0000] {taskinstance.py:3895} INFO - 0 downstream tasks scheduled from follow-on schedule check
[2026-07-15T16:05:17.879+0000] {local_task_job_runner.py:245} INFO - ::endgroup::
