[2026-07-12T14:00:11.757+0000] {local_task_job_runner.py:123} INFO - ::group::Pre task execution logs
[2026-07-12T14:00:11.793+0000] {taskinstance.py:2613} INFO - Dependencies all met for dep_context=non-requeueable deps ti=<TaskInstance: weather_scrape_and_load.dbt_run scheduled__2026-07-12T13:00:00+00:00 [queued]>
[2026-07-12T14:00:11.809+0000] {taskinstance.py:2613} INFO - Dependencies all met for dep_context=requeueable deps ti=<TaskInstance: weather_scrape_and_load.dbt_run scheduled__2026-07-12T13:00:00+00:00 [queued]>
[2026-07-12T14:00:11.810+0000] {taskinstance.py:2866} INFO - Starting attempt 1 of 3
[2026-07-12T14:00:11.842+0000] {taskinstance.py:2889} INFO - Executing <Task(BashOperator): dbt_run> on 2026-07-12 13:00:00+00:00
[2026-07-12T14:00:11.855+0000] {logging_mixin.py:190} WARNING - /home/airflow/.local/lib/python3.12/site-packages/airflow/task/task_runner/standard_task_runner.py:70 DeprecationWarning: This process (pid=27237) is multi-threaded, use of fork() may lead to deadlocks in the child.
[2026-07-12T14:00:11.857+0000] {standard_task_runner.py:72} INFO - Started process 27238 to run task
[2026-07-12T14:00:11.856+0000] {standard_task_runner.py:104} INFO - Running: ['airflow', 'tasks', 'run', 'weather_scrape_and_load', 'dbt_run', 'scheduled__2026-07-12T13:00:00+00:00', '--job-id', '109', '--raw', '--subdir', 'DAGS_FOLDER/weather_scrape_dag.py', '--cfg-path', '/tmp/tmpb_d901pj']
[2026-07-12T14:00:11.859+0000] {standard_task_runner.py:105} INFO - Job 109: Subtask dbt_run
[2026-07-12T14:00:11.953+0000] {task_command.py:467} INFO - Running <TaskInstance: weather_scrape_and_load.dbt_run scheduled__2026-07-12T13:00:00+00:00 [running]> on host 8a54ca2d50f9
[2026-07-12T14:00:12.142+0000] {taskinstance.py:3132} INFO - Exporting env vars: AIRFLOW_CTX_DAG_OWNER='otto' AIRFLOW_CTX_DAG_ID='weather_scrape_and_load' AIRFLOW_CTX_TASK_ID='dbt_run' AIRFLOW_CTX_EXECUTION_DATE='2026-07-12T13:00:00+00:00' AIRFLOW_CTX_TRY_NUMBER='1' AIRFLOW_CTX_DAG_RUN_ID='scheduled__2026-07-12T13:00:00+00:00'
[2026-07-12T14:00:12.143+0000] {taskinstance.py:731} INFO - ::endgroup::
[2026-07-12T14:00:12.173+0000] {subprocess.py:78} INFO - Tmp dir root location: /tmp
[2026-07-12T14:00:12.174+0000] {subprocess.py:88} INFO - Running command: ['/usr/bin/bash', '-c', 'cd /opt/airflow/weather_dbt && dbt run']
[2026-07-12T14:00:12.195+0000] {subprocess.py:99} INFO - Output:
[2026-07-12T14:00:16.972+0000] {subprocess.py:106} INFO - [0m14:00:16  Running with dbt=1.11.12
[2026-07-12T14:00:17.582+0000] {subprocess.py:106} INFO - [0m14:00:17  Registered adapter: postgres=1.10.2
[2026-07-12T14:00:18.062+0000] {subprocess.py:106} INFO - [0m14:00:18  [[33mWARNING[0m]: Configuration paths exist in your dbt_project.yml file which do not apply to any resources.
[2026-07-12T14:00:18.063+0000] {subprocess.py:106} INFO - There are 1 unused configuration paths:
[2026-07-12T14:00:18.064+0000] {subprocess.py:106} INFO - - models.weather_dbt.example
[2026-07-12T14:00:18.365+0000] {subprocess.py:106} INFO - [0m14:00:18  Found 1 model, 1 source, 475 macros
[2026-07-12T14:00:18.370+0000] {subprocess.py:106} INFO - [0m14:00:18
[2026-07-12T14:00:18.370+0000] {subprocess.py:106} INFO - [0m14:00:18  Concurrency: 1 threads (target='dev')
[2026-07-12T14:00:18.371+0000] {subprocess.py:106} INFO - [0m14:00:18
[2026-07-12T14:00:18.551+0000] {subprocess.py:106} INFO - [0m14:00:18  1 of 1 START sql view model raw_staging.stg_data ............................... [RUN]
[2026-07-12T14:00:18.787+0000] {subprocess.py:106} INFO - [0m14:00:18  1 of 1 OK created sql view model raw_staging.stg_data .......................... [[32mCREATE VIEW[0m in 0.23s]
[2026-07-12T14:00:18.814+0000] {subprocess.py:106} INFO - [0m14:00:18
[2026-07-12T14:00:18.815+0000] {subprocess.py:106} INFO - [0m14:00:18  Finished running 1 view model in 0 hours 0 minutes and 0.44 seconds (0.44s).
[2026-07-12T14:00:18.907+0000] {subprocess.py:106} INFO - [0m14:00:18
[2026-07-12T14:00:18.908+0000] {subprocess.py:106} INFO - [0m14:00:18  [32mCompleted successfully[0m
[2026-07-12T14:00:18.909+0000] {subprocess.py:106} INFO - [0m14:00:18
[2026-07-12T14:00:18.910+0000] {subprocess.py:106} INFO - [0m14:00:18  Done. PASS=1 WARN=0 ERROR=0 SKIP=0 NO-OP=0 TOTAL=1
[2026-07-12T14:00:20.565+0000] {subprocess.py:110} INFO - Command exited with return code 0
[2026-07-12T14:00:20.627+0000] {taskinstance.py:340} INFO - ::group::Post task execution logs
[2026-07-12T14:00:20.627+0000] {taskinstance.py:352} INFO - Marking task as SUCCESS. dag_id=weather_scrape_and_load, task_id=dbt_run, run_id=scheduled__2026-07-12T13:00:00+00:00, execution_date=20260712T130000, start_date=20260712T140011, end_date=20260712T140020
[2026-07-12T14:00:20.685+0000] {local_task_job_runner.py:266} INFO - Task exited with return code 0
[2026-07-12T14:00:20.717+0000] {taskinstance.py:3895} INFO - 0 downstream tasks scheduled from follow-on schedule check
[2026-07-12T14:00:20.720+0000] {local_task_job_runner.py:245} INFO - ::endgroup::
