[2026-07-11T23:00:01.325+0000] {local_task_job_runner.py:123} INFO - ::group::Pre task execution logs
[2026-07-11T23:00:01.356+0000] {taskinstance.py:2613} INFO - Dependencies all met for dep_context=non-requeueable deps ti=<TaskInstance: weather_scrape_and_load.scrape_and_load_weather scheduled__2026-07-11T22:00:00+00:00 [queued]>
[2026-07-11T23:00:01.371+0000] {taskinstance.py:2613} INFO - Dependencies all met for dep_context=requeueable deps ti=<TaskInstance: weather_scrape_and_load.scrape_and_load_weather scheduled__2026-07-11T22:00:00+00:00 [queued]>
[2026-07-11T23:00:01.372+0000] {taskinstance.py:2866} INFO - Starting attempt 1 of 3
[2026-07-11T23:00:01.404+0000] {taskinstance.py:2889} INFO - Executing <Task(BashOperator): scrape_and_load_weather> on 2026-07-11 22:00:00+00:00
[2026-07-11T23:00:01.416+0000] {logging_mixin.py:190} WARNING - /home/airflow/.local/lib/python3.12/site-packages/airflow/task/task_runner/standard_task_runner.py:70 DeprecationWarning: This process (pid=18079) is multi-threaded, use of fork() may lead to deadlocks in the child.
[2026-07-11T23:00:01.418+0000] {standard_task_runner.py:72} INFO - Started process 18080 to run task
[2026-07-11T23:00:01.417+0000] {standard_task_runner.py:104} INFO - Running: ['airflow', 'tasks', 'run', 'weather_scrape_and_load', 'scrape_and_load_weather', 'scheduled__2026-07-11T22:00:00+00:00', '--job-id', '78', '--raw', '--subdir', 'DAGS_FOLDER/weather_scrape_dag.py', '--cfg-path', '/tmp/tmpczt0sm_7']
[2026-07-11T23:00:01.420+0000] {standard_task_runner.py:105} INFO - Job 78: Subtask scrape_and_load_weather
[2026-07-11T23:00:01.506+0000] {task_command.py:467} INFO - Running <TaskInstance: weather_scrape_and_load.scrape_and_load_weather scheduled__2026-07-11T22:00:00+00:00 [running]> on host 8a54ca2d50f9
[2026-07-11T23:00:01.674+0000] {taskinstance.py:3132} INFO - Exporting env vars: AIRFLOW_CTX_DAG_OWNER='otto' AIRFLOW_CTX_DAG_ID='weather_scrape_and_load' AIRFLOW_CTX_TASK_ID='scrape_and_load_weather' AIRFLOW_CTX_EXECUTION_DATE='2026-07-11T22:00:00+00:00' AIRFLOW_CTX_TRY_NUMBER='1' AIRFLOW_CTX_DAG_RUN_ID='scheduled__2026-07-11T22:00:00+00:00'
[2026-07-11T23:00:01.675+0000] {taskinstance.py:731} INFO - ::endgroup::
[2026-07-11T23:00:01.706+0000] {subprocess.py:78} INFO - Tmp dir root location: /tmp
[2026-07-11T23:00:01.707+0000] {subprocess.py:88} INFO - Running command: ['/usr/bin/bash', '-c', 'python /opt/airflow/scripts/get_data.py']
[2026-07-11T23:00:01.732+0000] {subprocess.py:99} INFO - Output:
[2026-07-11T23:00:08.731+0000] {subprocess.py:106} INFO - Fetching Manila...
[2026-07-11T23:00:08.732+0000] {subprocess.py:106} INFO - [Manila] inserted OK
[2026-07-11T23:00:08.732+0000] {subprocess.py:106} INFO - Fetching Cebu...
[2026-07-11T23:00:08.732+0000] {subprocess.py:106} INFO - [Cebu] inserted OK
[2026-07-11T23:00:08.733+0000] {subprocess.py:106} INFO - Fetching Davao...
[2026-07-11T23:00:08.733+0000] {subprocess.py:106} INFO - [Davao] inserted OK
[2026-07-11T23:00:08.733+0000] {subprocess.py:106} INFO - Fetching Baguio...
[2026-07-11T23:00:08.733+0000] {subprocess.py:106} INFO - [Baguio] inserted OK
[2026-07-11T23:00:08.734+0000] {subprocess.py:106} INFO - Fetching Iloilo...
[2026-07-11T23:00:08.734+0000] {subprocess.py:106} INFO - [Iloilo] inserted OK
[2026-07-11T23:00:08.782+0000] {subprocess.py:110} INFO - Command exited with return code 0
[2026-07-11T23:00:08.832+0000] {taskinstance.py:340} INFO - ::group::Post task execution logs
[2026-07-11T23:00:08.833+0000] {taskinstance.py:352} INFO - Marking task as SUCCESS. dag_id=weather_scrape_and_load, task_id=scrape_and_load_weather, run_id=scheduled__2026-07-11T22:00:00+00:00, execution_date=20260711T220000, start_date=20260711T230001, end_date=20260711T230008
[2026-07-11T23:00:08.880+0000] {local_task_job_runner.py:266} INFO - Task exited with return code 0
[2026-07-11T23:00:08.919+0000] {taskinstance.py:3895} INFO - 1 downstream tasks scheduled from follow-on schedule check
[2026-07-11T23:00:08.923+0000] {local_task_job_runner.py:245} INFO - ::endgroup::
