[2026-07-11T03:00:01.048+0000] {local_task_job_runner.py:123} INFO - ::group::Pre task execution logs
[2026-07-11T03:00:01.079+0000] {taskinstance.py:2613} INFO - Dependencies all met for dep_context=non-requeueable deps ti=<TaskInstance: weather_scrape_and_load.scrape_and_load_weather scheduled__2026-07-11T02:00:00+00:00 [queued]>
[2026-07-11T03:00:01.094+0000] {taskinstance.py:2613} INFO - Dependencies all met for dep_context=requeueable deps ti=<TaskInstance: weather_scrape_and_load.scrape_and_load_weather scheduled__2026-07-11T02:00:00+00:00 [queued]>
[2026-07-11T03:00:01.094+0000] {taskinstance.py:2866} INFO - Starting attempt 1 of 3
[2026-07-11T03:00:01.128+0000] {taskinstance.py:2889} INFO - Executing <Task(BashOperator): scrape_and_load_weather> on 2026-07-11 02:00:00+00:00
[2026-07-11T03:00:01.143+0000] {standard_task_runner.py:104} INFO - Running: ['airflow', 'tasks', 'run', 'weather_scrape_and_load', 'scrape_and_load_weather', 'scheduled__2026-07-11T02:00:00+00:00', '--job-id', '38', '--raw', '--subdir', 'DAGS_FOLDER/weather_scrape_dag.py', '--cfg-path', '/tmp/tmp7tgz57be']
[2026-07-11T03:00:01.147+0000] {standard_task_runner.py:105} INFO - Job 38: Subtask scrape_and_load_weather
[2026-07-11T03:00:01.150+0000] {logging_mixin.py:190} WARNING - /home/airflow/.local/lib/python3.12/site-packages/airflow/task/task_runner/standard_task_runner.py:70 DeprecationWarning: This process (pid=5877) is multi-threaded, use of fork() may lead to deadlocks in the child.
[2026-07-11T03:00:01.151+0000] {standard_task_runner.py:72} INFO - Started process 5878 to run task
[2026-07-11T03:00:01.236+0000] {task_command.py:467} INFO - Running <TaskInstance: weather_scrape_and_load.scrape_and_load_weather scheduled__2026-07-11T02:00:00+00:00 [running]> on host 8a54ca2d50f9
[2026-07-11T03:00:01.394+0000] {taskinstance.py:3132} INFO - Exporting env vars: AIRFLOW_CTX_DAG_OWNER='otto' AIRFLOW_CTX_DAG_ID='weather_scrape_and_load' AIRFLOW_CTX_TASK_ID='scrape_and_load_weather' AIRFLOW_CTX_EXECUTION_DATE='2026-07-11T02:00:00+00:00' AIRFLOW_CTX_TRY_NUMBER='1' AIRFLOW_CTX_DAG_RUN_ID='scheduled__2026-07-11T02:00:00+00:00'
[2026-07-11T03:00:01.395+0000] {taskinstance.py:731} INFO - ::endgroup::
[2026-07-11T03:00:01.424+0000] {subprocess.py:78} INFO - Tmp dir root location: /tmp
[2026-07-11T03:00:01.425+0000] {subprocess.py:88} INFO - Running command: ['/usr/bin/bash', '-c', 'python /opt/airflow/scripts/get_data.py']
[2026-07-11T03:00:01.445+0000] {subprocess.py:99} INFO - Output:
[2026-07-11T03:00:08.535+0000] {subprocess.py:106} INFO - Fetching Manila...
[2026-07-11T03:00:08.536+0000] {subprocess.py:106} INFO - [Manila] inserted OK
[2026-07-11T03:00:08.537+0000] {subprocess.py:106} INFO - Fetching Cebu...
[2026-07-11T03:00:08.537+0000] {subprocess.py:106} INFO - [Cebu] inserted OK
[2026-07-11T03:00:08.538+0000] {subprocess.py:106} INFO - Fetching Davao...
[2026-07-11T03:00:08.538+0000] {subprocess.py:106} INFO - [Davao] inserted OK
[2026-07-11T03:00:08.539+0000] {subprocess.py:106} INFO - Fetching Baguio...
[2026-07-11T03:00:08.539+0000] {subprocess.py:106} INFO - [Baguio] inserted OK
[2026-07-11T03:00:08.540+0000] {subprocess.py:106} INFO - Fetching Iloilo...
[2026-07-11T03:00:08.540+0000] {subprocess.py:106} INFO - [Iloilo] inserted OK
[2026-07-11T03:00:08.587+0000] {subprocess.py:110} INFO - Command exited with return code 0
[2026-07-11T03:00:08.645+0000] {taskinstance.py:340} INFO - ::group::Post task execution logs
[2026-07-11T03:00:08.645+0000] {taskinstance.py:352} INFO - Marking task as SUCCESS. dag_id=weather_scrape_and_load, task_id=scrape_and_load_weather, run_id=scheduled__2026-07-11T02:00:00+00:00, execution_date=20260711T020000, start_date=20260711T030001, end_date=20260711T030008
[2026-07-11T03:00:08.700+0000] {local_task_job_runner.py:266} INFO - Task exited with return code 0
[2026-07-11T03:00:08.741+0000] {taskinstance.py:3895} INFO - 1 downstream tasks scheduled from follow-on schedule check
[2026-07-11T03:00:08.744+0000] {local_task_job_runner.py:245} INFO - ::endgroup::
