[2026-07-13T11:00:09.664+0000] {local_task_job_runner.py:123} INFO - ::group::Pre task execution logs
[2026-07-13T11:00:09.696+0000] {taskinstance.py:2613} INFO - Dependencies all met for dep_context=non-requeueable deps ti=<TaskInstance: weather_scrape_and_load.dbt_run scheduled__2026-07-13T10:00:00+00:00 [queued]>
[2026-07-13T11:00:09.711+0000] {taskinstance.py:2613} INFO - Dependencies all met for dep_context=requeueable deps ti=<TaskInstance: weather_scrape_and_load.dbt_run scheduled__2026-07-13T10:00:00+00:00 [queued]>
[2026-07-13T11:00:09.712+0000] {taskinstance.py:2866} INFO - Starting attempt 1 of 3
[2026-07-13T11:00:09.741+0000] {taskinstance.py:2889} INFO - Executing <Task(BashOperator): dbt_run> on 2026-07-13 10:00:00+00:00
[2026-07-13T11:00:09.753+0000] {standard_task_runner.py:104} INFO - Running: ['airflow', 'tasks', 'run', 'weather_scrape_and_load', 'dbt_run', 'scheduled__2026-07-13T10:00:00+00:00', '--job-id', '149', '--raw', '--subdir', 'DAGS_FOLDER/weather_scrape_dag.py', '--cfg-path', '/tmp/tmpa3mpvgzz']
[2026-07-13T11:00:09.757+0000] {standard_task_runner.py:105} INFO - Job 149: Subtask dbt_run
[2026-07-13T11:00:09.765+0000] {logging_mixin.py:190} WARNING - /home/airflow/.local/lib/python3.12/site-packages/airflow/task/task_runner/standard_task_runner.py:70 DeprecationWarning: This process (pid=3589) is multi-threaded, use of fork() may lead to deadlocks in the child.
[2026-07-13T11:00:09.766+0000] {standard_task_runner.py:72} INFO - Started process 3590 to run task
[2026-07-13T11:00:09.848+0000] {task_command.py:467} INFO - Running <TaskInstance: weather_scrape_and_load.dbt_run scheduled__2026-07-13T10:00:00+00:00 [running]> on host 24be19205f98
[2026-07-13T11:00:10.024+0000] {taskinstance.py:3132} INFO - Exporting env vars: AIRFLOW_CTX_DAG_OWNER='otto' AIRFLOW_CTX_DAG_ID='weather_scrape_and_load' AIRFLOW_CTX_TASK_ID='dbt_run' AIRFLOW_CTX_EXECUTION_DATE='2026-07-13T10:00:00+00:00' AIRFLOW_CTX_TRY_NUMBER='1' AIRFLOW_CTX_DAG_RUN_ID='scheduled__2026-07-13T10:00:00+00:00'
[2026-07-13T11:00:10.025+0000] {taskinstance.py:731} INFO - ::endgroup::
[2026-07-13T11:00:10.057+0000] {subprocess.py:78} INFO - Tmp dir root location: /tmp
[2026-07-13T11:00:10.058+0000] {subprocess.py:88} INFO - Running command: ['/usr/bin/bash', '-c', 'cd /opt/airflow/weather_dbt && dbt run']
[2026-07-13T11:00:10.076+0000] {subprocess.py:99} INFO - Output:
[2026-07-13T11:00:14.964+0000] {subprocess.py:106} INFO - [0m11:00:14  Running with dbt=1.11.12
[2026-07-13T11:00:15.563+0000] {subprocess.py:106} INFO - [0m11:00:15  Registered adapter: postgres=1.10.2
[2026-07-13T11:00:16.046+0000] {subprocess.py:106} INFO - [0m11:00:16  [[33mWARNING[0m]: Configuration paths exist in your dbt_project.yml file which do not apply to any resources.
[2026-07-13T11:00:16.047+0000] {subprocess.py:106} INFO - There are 1 unused configuration paths:
[2026-07-13T11:00:16.048+0000] {subprocess.py:106} INFO - - models.weather_dbt.example
[2026-07-13T11:00:16.375+0000] {subprocess.py:106} INFO - [0m11:00:16  Found 1 model, 1 source, 475 macros
[2026-07-13T11:00:16.380+0000] {subprocess.py:106} INFO - [0m11:00:16
[2026-07-13T11:00:16.381+0000] {subprocess.py:106} INFO - [0m11:00:16  Concurrency: 1 threads (target='dev')
[2026-07-13T11:00:16.382+0000] {subprocess.py:106} INFO - [0m11:00:16
[2026-07-13T11:00:16.558+0000] {subprocess.py:106} INFO - [0m11:00:16  1 of 1 START sql view model raw_staging.stg_data ............................... [RUN]
[2026-07-13T11:00:16.784+0000] {subprocess.py:106} INFO - [0m11:00:16  1 of 1 OK created sql view model raw_staging.stg_data .......................... [[32mCREATE VIEW[0m in 0.22s]
[2026-07-13T11:00:16.803+0000] {subprocess.py:106} INFO - [0m11:00:16
[2026-07-13T11:00:16.804+0000] {subprocess.py:106} INFO - [0m11:00:16  Finished running 1 view model in 0 hours 0 minutes and 0.42 seconds (0.42s).
[2026-07-13T11:00:16.887+0000] {subprocess.py:106} INFO - [0m11:00:16
[2026-07-13T11:00:16.888+0000] {subprocess.py:106} INFO - [0m11:00:16  [32mCompleted successfully[0m
[2026-07-13T11:00:16.889+0000] {subprocess.py:106} INFO - [0m11:00:16
[2026-07-13T11:00:16.890+0000] {subprocess.py:106} INFO - [0m11:00:16  Done. PASS=1 WARN=0 ERROR=0 SKIP=0 NO-OP=0 TOTAL=1
[2026-07-13T11:00:18.510+0000] {subprocess.py:110} INFO - Command exited with return code 0
[2026-07-13T11:00:18.560+0000] {taskinstance.py:340} INFO - ::group::Post task execution logs
[2026-07-13T11:00:18.561+0000] {taskinstance.py:352} INFO - Marking task as SUCCESS. dag_id=weather_scrape_and_load, task_id=dbt_run, run_id=scheduled__2026-07-13T10:00:00+00:00, execution_date=20260713T100000, start_date=20260713T110009, end_date=20260713T110018
[2026-07-13T11:00:18.600+0000] {local_task_job_runner.py:266} INFO - Task exited with return code 0
[2026-07-13T11:00:18.629+0000] {taskinstance.py:3895} INFO - 0 downstream tasks scheduled from follow-on schedule check
[2026-07-13T11:00:18.632+0000] {local_task_job_runner.py:245} INFO - ::endgroup::
