[2026-07-14T21:10:18.738+0000] {local_task_job_runner.py:123} INFO - ::group::Pre task execution logs
[2026-07-14T21:10:18.754+0000] {taskinstance.py:2613} INFO - Dependencies all met for dep_context=non-requeueable deps ti=<TaskInstance: weather_scrape_and_load.dbt_run scheduled__2026-07-14T20:00:00+00:00 [queued]>
[2026-07-14T21:10:18.759+0000] {taskinstance.py:2613} INFO - Dependencies all met for dep_context=requeueable deps ti=<TaskInstance: weather_scrape_and_load.dbt_run scheduled__2026-07-14T20:00:00+00:00 [queued]>
[2026-07-14T21:10:18.760+0000] {taskinstance.py:2866} INFO - Starting attempt 3 of 3
[2026-07-14T21:10:18.769+0000] {taskinstance.py:2889} INFO - Executing <Task(BashOperator): dbt_run> on 2026-07-14 20:00:00+00:00
[2026-07-14T21:10:18.774+0000] {logging_mixin.py:190} WARNING - /home/airflow/.local/lib/python3.12/site-packages/airflow/task/task_runner/standard_task_runner.py:70 DeprecationWarning: This process (pid=7451) is multi-threaded, use of fork() may lead to deadlocks in the child.
[2026-07-14T21:10:18.775+0000] {standard_task_runner.py:72} INFO - Started process 7452 to run task
[2026-07-14T21:10:18.774+0000] {standard_task_runner.py:104} INFO - Running: ['airflow', 'tasks', 'run', 'weather_scrape_and_load', 'dbt_run', 'scheduled__2026-07-14T20:00:00+00:00', '--job-id', '178', '--raw', '--subdir', 'DAGS_FOLDER/weather_scrape_dag.py', '--cfg-path', '/tmp/tmp4za72awv']
[2026-07-14T21:10:18.776+0000] {standard_task_runner.py:105} INFO - Job 178: Subtask dbt_run
[2026-07-14T21:10:18.809+0000] {task_command.py:467} INFO - Running <TaskInstance: weather_scrape_and_load.dbt_run scheduled__2026-07-14T20:00:00+00:00 [running]> on host 24be19205f98
[2026-07-14T21:10:18.875+0000] {taskinstance.py:3132} INFO - Exporting env vars: AIRFLOW_CTX_DAG_OWNER='otto' AIRFLOW_CTX_DAG_ID='weather_scrape_and_load' AIRFLOW_CTX_TASK_ID='dbt_run' AIRFLOW_CTX_EXECUTION_DATE='2026-07-14T20:00:00+00:00' AIRFLOW_CTX_TRY_NUMBER='3' AIRFLOW_CTX_DAG_RUN_ID='scheduled__2026-07-14T20:00:00+00:00'
[2026-07-14T21:10:18.876+0000] {taskinstance.py:731} INFO - ::endgroup::
[2026-07-14T21:10:18.886+0000] {subprocess.py:78} INFO - Tmp dir root location: /tmp
[2026-07-14T21:10:18.886+0000] {subprocess.py:88} INFO - Running command: ['/usr/bin/bash', '-c', 'cd /opt/airflow/weather_dbt && dbt run']
[2026-07-14T21:10:18.894+0000] {subprocess.py:99} INFO - Output:
[2026-07-14T21:10:20.449+0000] {subprocess.py:106} INFO - [0m21:10:20  Running with dbt=1.11.12
[2026-07-14T21:10:20.650+0000] {subprocess.py:106} INFO - [0m21:10:20  Registered adapter: postgres=1.10.2
[2026-07-14T21:10:20.802+0000] {subprocess.py:106} INFO - [0m21:10:20  [[33mWARNING[0m]: Configuration paths exist in your dbt_project.yml file which do not apply to any resources.
[2026-07-14T21:10:20.810+0000] {subprocess.py:106} INFO - There are 1 unused configuration paths:
[2026-07-14T21:10:20.810+0000] {subprocess.py:106} INFO - - models.weather_dbt.example
[2026-07-14T21:10:20.899+0000] {subprocess.py:106} INFO - [0m21:10:20  Found 1 model, 1 source, 476 macros
[2026-07-14T21:10:20.900+0000] {subprocess.py:106} INFO - [0m21:10:20
[2026-07-14T21:10:20.900+0000] {subprocess.py:106} INFO - [0m21:10:20  Concurrency: 1 threads (target='dev')
[2026-07-14T21:10:20.901+0000] {subprocess.py:106} INFO - [0m21:10:20
[2026-07-14T21:10:20.959+0000] {subprocess.py:106} INFO - [0m21:10:20  1 of 1 START sql view model staging.stg_data ................................... [RUN]
[2026-07-14T21:10:21.001+0000] {subprocess.py:106} INFO - [0m21:10:21  1 of 1 ERROR creating sql view model staging.stg_data .......................... [[31mERROR[0m in 0.04s]
[2026-07-14T21:10:21.008+0000] {subprocess.py:106} INFO - [0m21:10:21
[2026-07-14T21:10:21.008+0000] {subprocess.py:106} INFO - [0m21:10:21  Finished running 1 view model in 0 hours 0 minutes and 0.11 seconds (0.11s).
[2026-07-14T21:10:21.033+0000] {subprocess.py:106} INFO - [0m21:10:21
[2026-07-14T21:10:21.034+0000] {subprocess.py:106} INFO - [0m21:10:21  [31mCompleted with 1 error, 0 partial successes, and 0 warnings:[0m
[2026-07-14T21:10:21.034+0000] {subprocess.py:106} INFO - [0m21:10:21
[2026-07-14T21:10:21.034+0000] {subprocess.py:106} INFO - [0m21:10:21  [31mFailure in model stg_data (models/staging/stg_data.sql)[0m
[2026-07-14T21:10:21.035+0000] {subprocess.py:106} INFO - [0m21:10:21    Database Error in model stg_data (models/staging/stg_data.sql)
[2026-07-14T21:10:21.035+0000] {subprocess.py:106} INFO -   syntax error at or near "observed_at"
[2026-07-14T21:10:21.035+0000] {subprocess.py:106} INFO -   LINE 15:     EXTRACT(HOUR FROM TIMESTAMP observed_at) AS observed_hou...
[2026-07-14T21:10:21.035+0000] {subprocess.py:106} INFO -                                            ^
[2026-07-14T21:10:21.035+0000] {subprocess.py:106} INFO -   compiled code at target/run/weather_dbt/models/staging/stg_data.sql
[2026-07-14T21:10:21.035+0000] {subprocess.py:106} INFO - [0m21:10:21
[2026-07-14T21:10:21.035+0000] {subprocess.py:106} INFO - [0m21:10:21    compiled code at target/compiled/weather_dbt/models/staging/stg_data.sql
[2026-07-14T21:10:21.035+0000] {subprocess.py:106} INFO - [0m21:10:21
[2026-07-14T21:10:21.035+0000] {subprocess.py:106} INFO - [0m21:10:21  Done. PASS=0 WARN=0 ERROR=1 SKIP=0 NO-OP=0 TOTAL=1
[2026-07-14T21:10:22.467+0000] {subprocess.py:110} INFO - Command exited with return code 1
[2026-07-14T21:10:22.476+0000] {taskinstance.py:3311} ERROR - Task failed with exception
Traceback (most recent call last):
  File "/home/airflow/.local/lib/python3.12/site-packages/airflow/models/taskinstance.py", line 767, in _execute_task
    result = _execute_callable(context=context, **execute_callable_kwargs)
             ^^^^^^^^^^^^^^^^^^^^^^^^^^^^^^^^^^^^^^^^^^^^^^^^^^^^^^^^^^^^^
  File "/home/airflow/.local/lib/python3.12/site-packages/airflow/models/taskinstance.py", line 733, in _execute_callable
    return ExecutionCallableRunner(
           ^^^^^^^^^^^^^^^^^^^^^^^^
  File "/home/airflow/.local/lib/python3.12/site-packages/airflow/utils/operator_helpers.py", line 252, in run
    return self.func(*args, **kwargs)
           ^^^^^^^^^^^^^^^^^^^^^^^^^^
  File "/home/airflow/.local/lib/python3.12/site-packages/airflow/models/baseoperator.py", line 422, in wrapper
    return func(self, *args, **kwargs)
           ^^^^^^^^^^^^^^^^^^^^^^^^^^^
  File "/home/airflow/.local/lib/python3.12/site-packages/airflow/operators/bash.py", line 276, in execute
    raise AirflowException(
airflow.exceptions.AirflowException: Bash command failed. The command returned a non-zero exit code 1.
[2026-07-14T21:10:22.479+0000] {taskinstance.py:1225} INFO - Marking task as FAILED. dag_id=weather_scrape_and_load, task_id=dbt_run, run_id=scheduled__2026-07-14T20:00:00+00:00, execution_date=20260714T200000, start_date=20260714T211018, end_date=20260714T211022
[2026-07-14T21:10:22.487+0000] {taskinstance.py:340} INFO - ::group::Post task execution logs
[2026-07-14T21:10:22.488+0000] {standard_task_runner.py:124} ERROR - Failed to execute job 178 for task dbt_run (Bash command failed. The command returned a non-zero exit code 1.; 7452)
Traceback (most recent call last):
  File "/home/airflow/.local/lib/python3.12/site-packages/airflow/task/task_runner/standard_task_runner.py", line 117, in _start_by_fork
    ret = args.func(args, dag=self.dag)
          ^^^^^^^^^^^^^^^^^^^^^^^^^^^^^
  File "/home/airflow/.local/lib/python3.12/site-packages/airflow/cli/cli_config.py", line 49, in command
    return func(*args, **kwargs)
           ^^^^^^^^^^^^^^^^^^^^^
  File "/home/airflow/.local/lib/python3.12/site-packages/airflow/utils/cli.py", line 116, in wrapper
    return f(*args, **kwargs)
           ^^^^^^^^^^^^^^^^^^
  File "/home/airflow/.local/lib/python3.12/site-packages/airflow/cli/commands/task_command.py", line 483, in task_run
    task_return_code = _run_task_by_selected_method(args, _dag, ti)
                       ^^^^^^^^^^^^^^^^^^^^^^^^^^^^^^^^^^^^^^^^^^^^
  File "/home/airflow/.local/lib/python3.12/site-packages/airflow/cli/commands/task_command.py", line 256, in _run_task_by_selected_method
    return _run_raw_task(args, ti)
           ^^^^^^^^^^^^^^^^^^^^^^^
  File "/home/airflow/.local/lib/python3.12/site-packages/airflow/cli/commands/task_command.py", line 341, in _run_raw_task
    return ti._run_raw_task(
           ^^^^^^^^^^^^^^^^^
  File "/home/airflow/.local/lib/python3.12/site-packages/airflow/utils/session.py", line 97, in wrapper
    return func(*args, session=session, **kwargs)
           ^^^^^^^^^^^^^^^^^^^^^^^^^^^^^^^^^^^^^^
  File "/home/airflow/.local/lib/python3.12/site-packages/airflow/models/taskinstance.py", line 3005, in _run_raw_task
    return _run_raw_task(
           ^^^^^^^^^^^^^^
  File "/home/airflow/.local/lib/python3.12/site-packages/airflow/models/taskinstance.py", line 273, in _run_raw_task
    TaskInstance._execute_task_with_callbacks(
  File "/home/airflow/.local/lib/python3.12/site-packages/airflow/models/taskinstance.py", line 3159, in _execute_task_with_callbacks
    result = self._execute_task(context, task_orig)
             ^^^^^^^^^^^^^^^^^^^^^^^^^^^^^^^^^^^^^^
  File "/home/airflow/.local/lib/python3.12/site-packages/airflow/models/taskinstance.py", line 3183, in _execute_task
    return _execute_task(self, context, task_orig)
           ^^^^^^^^^^^^^^^^^^^^^^^^^^^^^^^^^^^^^^^
  File "/home/airflow/.local/lib/python3.12/site-packages/airflow/models/taskinstance.py", line 767, in _execute_task
    result = _execute_callable(context=context, **execute_callable_kwargs)
             ^^^^^^^^^^^^^^^^^^^^^^^^^^^^^^^^^^^^^^^^^^^^^^^^^^^^^^^^^^^^^
  File "/home/airflow/.local/lib/python3.12/site-packages/airflow/models/taskinstance.py", line 733, in _execute_callable
    return ExecutionCallableRunner(
           ^^^^^^^^^^^^^^^^^^^^^^^^
  File "/home/airflow/.local/lib/python3.12/site-packages/airflow/utils/operator_helpers.py", line 252, in run
    return self.func(*args, **kwargs)
           ^^^^^^^^^^^^^^^^^^^^^^^^^^
  File "/home/airflow/.local/lib/python3.12/site-packages/airflow/models/baseoperator.py", line 422, in wrapper
    return func(self, *args, **kwargs)
           ^^^^^^^^^^^^^^^^^^^^^^^^^^^
  File "/home/airflow/.local/lib/python3.12/site-packages/airflow/operators/bash.py", line 276, in execute
    raise AirflowException(
airflow.exceptions.AirflowException: Bash command failed. The command returned a non-zero exit code 1.
[2026-07-14T21:10:22.520+0000] {local_task_job_runner.py:266} INFO - Task exited with return code 1
[2026-07-14T21:10:22.531+0000] {taskinstance.py:3895} INFO - 0 downstream tasks scheduled from follow-on schedule check
[2026-07-14T21:10:22.533+0000] {local_task_job_runner.py:245} INFO - ::endgroup::
