[2026-07-14T20:38:39.370+0000] {local_task_job_runner.py:123} INFO - ::group::Pre task execution logs
[2026-07-14T20:38:39.383+0000] {taskinstance.py:2613} INFO - Dependencies all met for dep_context=non-requeueable deps ti=<TaskInstance: weather_scrape_and_load.dbt_run manual__2026-07-14T20:38:31.979528+00:00 [queued]>
[2026-07-14T20:38:39.387+0000] {taskinstance.py:2613} INFO - Dependencies all met for dep_context=requeueable deps ti=<TaskInstance: weather_scrape_and_load.dbt_run manual__2026-07-14T20:38:31.979528+00:00 [queued]>
[2026-07-14T20:38:39.388+0000] {taskinstance.py:2866} INFO - Starting attempt 1 of 3
[2026-07-14T20:38:39.397+0000] {taskinstance.py:2889} INFO - Executing <Task(BashOperator): dbt_run> on 2026-07-14 20:38:31.979528+00:00
[2026-07-14T20:38:39.402+0000] {standard_task_runner.py:104} INFO - Running: ['airflow', 'tasks', 'run', 'weather_scrape_and_load', 'dbt_run', 'manual__2026-07-14T20:38:31.979528+00:00', '--job-id', '166', '--raw', '--subdir', 'DAGS_FOLDER/weather_scrape_dag.py', '--cfg-path', '/tmp/tmpvk96852y']
[2026-07-14T20:38:39.404+0000] {standard_task_runner.py:105} INFO - Job 166: Subtask dbt_run
[2026-07-14T20:38:39.405+0000] {logging_mixin.py:190} WARNING - /home/airflow/.local/lib/python3.12/site-packages/airflow/task/task_runner/standard_task_runner.py:70 DeprecationWarning: This process (pid=6992) is multi-threaded, use of fork() may lead to deadlocks in the child.
[2026-07-14T20:38:39.405+0000] {standard_task_runner.py:72} INFO - Started process 6993 to run task
[2026-07-14T20:38:39.435+0000] {task_command.py:467} INFO - Running <TaskInstance: weather_scrape_and_load.dbt_run manual__2026-07-14T20:38:31.979528+00:00 [running]> on host 24be19205f98
[2026-07-14T20:38:39.493+0000] {taskinstance.py:3132} INFO - Exporting env vars: AIRFLOW_CTX_DAG_OWNER='otto' AIRFLOW_CTX_DAG_ID='weather_scrape_and_load' AIRFLOW_CTX_TASK_ID='dbt_run' AIRFLOW_CTX_EXECUTION_DATE='2026-07-14T20:38:31.979528+00:00' AIRFLOW_CTX_TRY_NUMBER='1' AIRFLOW_CTX_DAG_RUN_ID='manual__2026-07-14T20:38:31.979528+00:00'
[2026-07-14T20:38:39.494+0000] {taskinstance.py:731} INFO - ::endgroup::
[2026-07-14T20:38:39.504+0000] {subprocess.py:78} INFO - Tmp dir root location: /tmp
[2026-07-14T20:38:39.504+0000] {subprocess.py:88} INFO - Running command: ['/usr/bin/bash', '-c', 'cd /opt/airflow/weather_dbt && dbt run']
[2026-07-14T20:38:39.512+0000] {subprocess.py:99} INFO - Output:
[2026-07-14T20:38:41.086+0000] {subprocess.py:106} INFO - [0m20:38:41  Running with dbt=1.11.12
[2026-07-14T20:38:41.280+0000] {subprocess.py:106} INFO - [0m20:38:41  Registered adapter: postgres=1.10.2
[2026-07-14T20:38:41.423+0000] {subprocess.py:106} INFO - [0m20:38:41  Unable to do partial parsing because of a version mismatch
[2026-07-14T20:38:42.353+0000] {subprocess.py:106} INFO - [0m20:38:42  [[33mWARNING[0m]: Configuration paths exist in your dbt_project.yml file which do not apply to any resources.
[2026-07-14T20:38:42.353+0000] {subprocess.py:106} INFO - There are 1 unused configuration paths:
[2026-07-14T20:38:42.354+0000] {subprocess.py:106} INFO - - models.weather_dbt.example
[2026-07-14T20:38:42.437+0000] {subprocess.py:106} INFO - [0m20:38:42  Found 1 model, 1 source, 476 macros
[2026-07-14T20:38:42.440+0000] {subprocess.py:106} INFO - [0m20:38:42
[2026-07-14T20:38:42.440+0000] {subprocess.py:106} INFO - [0m20:38:42  Concurrency: 1 threads (target='dev')
[2026-07-14T20:38:42.440+0000] {subprocess.py:106} INFO - [0m20:38:42
[2026-07-14T20:38:42.521+0000] {subprocess.py:106} INFO - [0m20:38:42  1 of 1 START sql view model staging.stg_data ................................... [RUN]
[2026-07-14T20:38:42.599+0000] {subprocess.py:106} INFO - [0m20:38:42  1 of 1 OK created sql view model staging.stg_data .............................. [[32mCREATE VIEW[0m in 0.08s]
[2026-07-14T20:38:42.606+0000] {subprocess.py:106} INFO - [0m20:38:42
[2026-07-14T20:38:42.606+0000] {subprocess.py:106} INFO - [0m20:38:42  Finished running 1 view model in 0 hours 0 minutes and 0.17 seconds (0.17s).
[2026-07-14T20:38:42.634+0000] {subprocess.py:106} INFO - [0m20:38:42
[2026-07-14T20:38:42.634+0000] {subprocess.py:106} INFO - [0m20:38:42  [32mCompleted successfully[0m
[2026-07-14T20:38:42.635+0000] {subprocess.py:106} INFO - [0m20:38:42
[2026-07-14T20:38:42.635+0000] {subprocess.py:106} INFO - [0m20:38:42  Done. PASS=1 WARN=0 ERROR=0 SKIP=0 NO-OP=0 TOTAL=1
[2026-07-14T20:38:44.141+0000] {subprocess.py:110} INFO - Command exited with return code 0
[2026-07-14T20:38:44.167+0000] {taskinstance.py:340} INFO - ::group::Post task execution logs
[2026-07-14T20:38:44.168+0000] {taskinstance.py:352} INFO - Marking task as SUCCESS. dag_id=weather_scrape_and_load, task_id=dbt_run, run_id=manual__2026-07-14T20:38:31.979528+00:00, execution_date=20260714T203831, start_date=20260714T203839, end_date=20260714T203844
[2026-07-14T20:38:44.192+0000] {local_task_job_runner.py:266} INFO - Task exited with return code 0
[2026-07-14T20:38:44.202+0000] {taskinstance.py:3895} INFO - 0 downstream tasks scheduled from follow-on schedule check
[2026-07-14T20:38:44.205+0000] {local_task_job_runner.py:245} INFO - ::endgroup::
