[2026-07-11T00:00:11.819+0000] {local_task_job_runner.py:123} INFO - ::group::Pre task execution logs
[2026-07-11T00:00:11.853+0000] {taskinstance.py:2613} INFO - Dependencies all met for dep_context=non-requeueable deps ti=<TaskInstance: weather_scrape_and_load.dbt_run scheduled__2026-07-10T23:00:00+00:00 [queued]>
[2026-07-11T00:00:11.870+0000] {taskinstance.py:2613} INFO - Dependencies all met for dep_context=requeueable deps ti=<TaskInstance: weather_scrape_and_load.dbt_run scheduled__2026-07-10T23:00:00+00:00 [queued]>
[2026-07-11T00:00:11.870+0000] {taskinstance.py:2866} INFO - Starting attempt 1 of 3
[2026-07-11T00:00:11.904+0000] {taskinstance.py:2889} INFO - Executing <Task(BashOperator): dbt_run> on 2026-07-10 23:00:00+00:00
[2026-07-11T00:00:11.919+0000] {standard_task_runner.py:104} INFO - Running: ['airflow', 'tasks', 'run', 'weather_scrape_and_load', 'dbt_run', 'scheduled__2026-07-10T23:00:00+00:00', '--job-id', '33', '--raw', '--subdir', 'DAGS_FOLDER/weather_scrape_dag.py', '--cfg-path', '/tmp/tmp98fxe77w']
[2026-07-11T00:00:11.923+0000] {standard_task_runner.py:105} INFO - Job 33: Subtask dbt_run
[2026-07-11T00:00:11.925+0000] {logging_mixin.py:190} WARNING - /home/airflow/.local/lib/python3.12/site-packages/airflow/task/task_runner/standard_task_runner.py:70 DeprecationWarning: This process (pid=4051) is multi-threaded, use of fork() may lead to deadlocks in the child.
[2026-07-11T00:00:11.926+0000] {standard_task_runner.py:72} INFO - Started process 4052 to run task
[2026-07-11T00:00:12.010+0000] {task_command.py:467} INFO - Running <TaskInstance: weather_scrape_and_load.dbt_run scheduled__2026-07-10T23:00:00+00:00 [running]> on host 8a54ca2d50f9
[2026-07-11T00:00:12.172+0000] {taskinstance.py:3132} INFO - Exporting env vars: AIRFLOW_CTX_DAG_OWNER='otto' AIRFLOW_CTX_DAG_ID='weather_scrape_and_load' AIRFLOW_CTX_TASK_ID='dbt_run' AIRFLOW_CTX_EXECUTION_DATE='2026-07-10T23:00:00+00:00' AIRFLOW_CTX_TRY_NUMBER='1' AIRFLOW_CTX_DAG_RUN_ID='scheduled__2026-07-10T23:00:00+00:00'
[2026-07-11T00:00:12.174+0000] {taskinstance.py:731} INFO - ::endgroup::
[2026-07-11T00:00:12.204+0000] {subprocess.py:78} INFO - Tmp dir root location: /tmp
[2026-07-11T00:00:12.205+0000] {subprocess.py:88} INFO - Running command: ['/usr/bin/bash', '-c', 'cd /opt/airflow/weather_dbt && dbt run']
[2026-07-11T00:00:12.225+0000] {subprocess.py:99} INFO - Output:
[2026-07-11T00:00:17.469+0000] {subprocess.py:106} INFO - [0m00:00:17  Running with dbt=1.11.12
[2026-07-11T00:00:18.073+0000] {subprocess.py:106} INFO - [0m00:00:18  Registered adapter: postgres=1.10.2
[2026-07-11T00:00:18.577+0000] {subprocess.py:106} INFO - [0m00:00:18  [[33mWARNING[0m]: Configuration paths exist in your dbt_project.yml file which do not apply to any resources.
[2026-07-11T00:00:18.578+0000] {subprocess.py:106} INFO - There are 1 unused configuration paths:
[2026-07-11T00:00:18.578+0000] {subprocess.py:106} INFO - - models.weather_dbt.example
[2026-07-11T00:00:18.954+0000] {subprocess.py:106} INFO - [0m00:00:18  Found 1 model, 1 source, 475 macros
[2026-07-11T00:00:18.960+0000] {subprocess.py:106} INFO - [0m00:00:18
[2026-07-11T00:00:18.961+0000] {subprocess.py:106} INFO - [0m00:00:18  Concurrency: 1 threads (target='dev')
[2026-07-11T00:00:18.962+0000] {subprocess.py:106} INFO - [0m00:00:18
[2026-07-11T00:00:19.158+0000] {subprocess.py:106} INFO - [0m00:00:19  1 of 1 START sql view model raw_staging.stg_data ............................... [RUN]
[2026-07-11T00:00:19.423+0000] {subprocess.py:106} INFO - [0m00:00:19  1 of 1 OK created sql view model raw_staging.stg_data .......................... [[32mCREATE VIEW[0m in 0.26s]
[2026-07-11T00:00:19.457+0000] {subprocess.py:106} INFO - [0m00:00:19
[2026-07-11T00:00:19.458+0000] {subprocess.py:106} INFO - [0m00:00:19  Finished running 1 view model in 0 hours 0 minutes and 0.49 seconds (0.49s).
[2026-07-11T00:00:19.555+0000] {subprocess.py:106} INFO - [0m00:00:19
[2026-07-11T00:00:19.556+0000] {subprocess.py:106} INFO - [0m00:00:19  [32mCompleted successfully[0m
[2026-07-11T00:00:19.557+0000] {subprocess.py:106} INFO - [0m00:00:19
[2026-07-11T00:00:19.558+0000] {subprocess.py:106} INFO - [0m00:00:19  Done. PASS=1 WARN=0 ERROR=0 SKIP=0 NO-OP=0 TOTAL=1
[2026-07-11T00:00:21.375+0000] {subprocess.py:110} INFO - Command exited with return code 0
[2026-07-11T00:00:21.433+0000] {taskinstance.py:340} INFO - ::group::Post task execution logs
[2026-07-11T00:00:21.434+0000] {taskinstance.py:352} INFO - Marking task as SUCCESS. dag_id=weather_scrape_and_load, task_id=dbt_run, run_id=scheduled__2026-07-10T23:00:00+00:00, execution_date=20260710T230000, start_date=20260711T000011, end_date=20260711T000021
[2026-07-11T00:00:21.476+0000] {local_task_job_runner.py:266} INFO - Task exited with return code 0
[2026-07-11T00:00:21.505+0000] {taskinstance.py:3895} INFO - 0 downstream tasks scheduled from follow-on schedule check
[2026-07-11T00:00:21.508+0000] {local_task_job_runner.py:245} INFO - ::endgroup::
