[2026-07-10T23:00:08.533+0000] {local_task_job_runner.py:123} INFO - ::group::Pre task execution logs
[2026-07-10T23:00:08.565+0000] {taskinstance.py:2613} INFO - Dependencies all met for dep_context=non-requeueable deps ti=<TaskInstance: weather_scrape_and_load.dbt_run scheduled__2026-07-10T22:00:00+00:00 [queued]>
[2026-07-10T23:00:08.581+0000] {taskinstance.py:2613} INFO - Dependencies all met for dep_context=requeueable deps ti=<TaskInstance: weather_scrape_and_load.dbt_run scheduled__2026-07-10T22:00:00+00:00 [queued]>
[2026-07-10T23:00:08.582+0000] {taskinstance.py:2866} INFO - Starting attempt 1 of 3
[2026-07-10T23:00:08.612+0000] {taskinstance.py:2889} INFO - Executing <Task(BashOperator): dbt_run> on 2026-07-10 22:00:00+00:00
[2026-07-10T23:00:08.625+0000] {standard_task_runner.py:104} INFO - Running: ['airflow', 'tasks', 'run', 'weather_scrape_and_load', 'dbt_run', 'scheduled__2026-07-10T22:00:00+00:00', '--job-id', '31', '--raw', '--subdir', 'DAGS_FOLDER/weather_scrape_dag.py', '--cfg-path', '/tmp/tmp8ra_0t44']
[2026-07-10T23:00:08.629+0000] {standard_task_runner.py:105} INFO - Job 31: Subtask dbt_run
[2026-07-10T23:00:08.631+0000] {logging_mixin.py:190} WARNING - /home/airflow/.local/lib/python3.12/site-packages/airflow/task/task_runner/standard_task_runner.py:70 DeprecationWarning: This process (pid=3445) is multi-threaded, use of fork() may lead to deadlocks in the child.
[2026-07-10T23:00:08.632+0000] {standard_task_runner.py:72} INFO - Started process 3446 to run task
[2026-07-10T23:00:08.715+0000] {task_command.py:467} INFO - Running <TaskInstance: weather_scrape_and_load.dbt_run scheduled__2026-07-10T22:00:00+00:00 [running]> on host 8a54ca2d50f9
[2026-07-10T23:00:08.885+0000] {taskinstance.py:3132} INFO - Exporting env vars: AIRFLOW_CTX_DAG_OWNER='otto' AIRFLOW_CTX_DAG_ID='weather_scrape_and_load' AIRFLOW_CTX_TASK_ID='dbt_run' AIRFLOW_CTX_EXECUTION_DATE='2026-07-10T22:00:00+00:00' AIRFLOW_CTX_TRY_NUMBER='1' AIRFLOW_CTX_DAG_RUN_ID='scheduled__2026-07-10T22:00:00+00:00'
[2026-07-10T23:00:08.886+0000] {taskinstance.py:731} INFO - ::endgroup::
[2026-07-10T23:00:08.918+0000] {subprocess.py:78} INFO - Tmp dir root location: /tmp
[2026-07-10T23:00:08.919+0000] {subprocess.py:88} INFO - Running command: ['/usr/bin/bash', '-c', 'cd /opt/airflow/weather_dbt && dbt run']
[2026-07-10T23:00:08.939+0000] {subprocess.py:99} INFO - Output:
[2026-07-10T23:00:13.867+0000] {subprocess.py:106} INFO - [0m23:00:13  Running with dbt=1.11.12
[2026-07-10T23:00:14.469+0000] {subprocess.py:106} INFO - [0m23:00:14  Registered adapter: postgres=1.10.2
[2026-07-10T23:00:14.958+0000] {subprocess.py:106} INFO - [0m23:00:14  [[33mWARNING[0m]: Configuration paths exist in your dbt_project.yml file which do not apply to any resources.
[2026-07-10T23:00:14.958+0000] {subprocess.py:106} INFO - There are 1 unused configuration paths:
[2026-07-10T23:00:14.959+0000] {subprocess.py:106} INFO - - models.weather_dbt.example
[2026-07-10T23:00:15.271+0000] {subprocess.py:106} INFO - [0m23:00:15  Found 1 model, 1 source, 475 macros
[2026-07-10T23:00:15.275+0000] {subprocess.py:106} INFO - [0m23:00:15
[2026-07-10T23:00:15.276+0000] {subprocess.py:106} INFO - [0m23:00:15  Concurrency: 1 threads (target='dev')
[2026-07-10T23:00:15.277+0000] {subprocess.py:106} INFO - [0m23:00:15
[2026-07-10T23:00:15.456+0000] {subprocess.py:106} INFO - [0m23:00:15  1 of 1 START sql view model raw_staging.stg_data ............................... [RUN]
[2026-07-10T23:00:15.701+0000] {subprocess.py:106} INFO - [0m23:00:15  1 of 1 OK created sql view model raw_staging.stg_data .......................... [[32mCREATE VIEW[0m in 0.24s]
[2026-07-10T23:00:15.723+0000] {subprocess.py:106} INFO - [0m23:00:15
[2026-07-10T23:00:15.724+0000] {subprocess.py:106} INFO - [0m23:00:15  Finished running 1 view model in 0 hours 0 minutes and 0.45 seconds (0.45s).
[2026-07-10T23:00:15.825+0000] {subprocess.py:106} INFO - [0m23:00:15
[2026-07-10T23:00:15.826+0000] {subprocess.py:106} INFO - [0m23:00:15  [32mCompleted successfully[0m
[2026-07-10T23:00:15.827+0000] {subprocess.py:106} INFO - [0m23:00:15
[2026-07-10T23:00:15.828+0000] {subprocess.py:106} INFO - [0m23:00:15  Done. PASS=1 WARN=0 ERROR=0 SKIP=0 NO-OP=0 TOTAL=1
[2026-07-10T23:00:17.663+0000] {subprocess.py:110} INFO - Command exited with return code 0
[2026-07-10T23:00:17.723+0000] {taskinstance.py:340} INFO - ::group::Post task execution logs
[2026-07-10T23:00:17.724+0000] {taskinstance.py:352} INFO - Marking task as SUCCESS. dag_id=weather_scrape_and_load, task_id=dbt_run, run_id=scheduled__2026-07-10T22:00:00+00:00, execution_date=20260710T220000, start_date=20260710T230008, end_date=20260710T230017
[2026-07-10T23:00:17.782+0000] {local_task_job_runner.py:266} INFO - Task exited with return code 0
[2026-07-10T23:00:17.814+0000] {taskinstance.py:3895} INFO - 0 downstream tasks scheduled from follow-on schedule check
[2026-07-10T23:00:17.818+0000] {local_task_job_runner.py:245} INFO - ::endgroup::
