[2026-07-10T21:00:11.926+0000] {local_task_job_runner.py:123} INFO - ::group::Pre task execution logs
[2026-07-10T21:00:11.958+0000] {taskinstance.py:2613} INFO - Dependencies all met for dep_context=non-requeueable deps ti=<TaskInstance: weather_scrape_and_load.dbt_run scheduled__2026-07-10T20:00:00+00:00 [queued]>
[2026-07-10T21:00:11.973+0000] {taskinstance.py:2613} INFO - Dependencies all met for dep_context=requeueable deps ti=<TaskInstance: weather_scrape_and_load.dbt_run scheduled__2026-07-10T20:00:00+00:00 [queued]>
[2026-07-10T21:00:11.974+0000] {taskinstance.py:2866} INFO - Starting attempt 1 of 3
[2026-07-10T21:00:12.004+0000] {taskinstance.py:2889} INFO - Executing <Task(BashOperator): dbt_run> on 2026-07-10 20:00:00+00:00
[2026-07-10T21:00:12.018+0000] {standard_task_runner.py:104} INFO - Running: ['airflow', 'tasks', 'run', 'weather_scrape_and_load', 'dbt_run', 'scheduled__2026-07-10T20:00:00+00:00', '--job-id', '27', '--raw', '--subdir', 'DAGS_FOLDER/weather_scrape_dag.py', '--cfg-path', '/tmp/tmpyadzd1pp']
[2026-07-10T21:00:12.021+0000] {standard_task_runner.py:105} INFO - Job 27: Subtask dbt_run
[2026-07-10T21:00:12.024+0000] {logging_mixin.py:190} WARNING - /home/airflow/.local/lib/python3.12/site-packages/airflow/task/task_runner/standard_task_runner.py:70 DeprecationWarning: This process (pid=2221) is multi-threaded, use of fork() may lead to deadlocks in the child.
[2026-07-10T21:00:12.025+0000] {standard_task_runner.py:72} INFO - Started process 2222 to run task
[2026-07-10T21:00:12.108+0000] {task_command.py:467} INFO - Running <TaskInstance: weather_scrape_and_load.dbt_run scheduled__2026-07-10T20:00:00+00:00 [running]> on host 8a54ca2d50f9
[2026-07-10T21:00:12.284+0000] {taskinstance.py:3132} INFO - Exporting env vars: AIRFLOW_CTX_DAG_OWNER='otto' AIRFLOW_CTX_DAG_ID='weather_scrape_and_load' AIRFLOW_CTX_TASK_ID='dbt_run' AIRFLOW_CTX_EXECUTION_DATE='2026-07-10T20:00:00+00:00' AIRFLOW_CTX_TRY_NUMBER='1' AIRFLOW_CTX_DAG_RUN_ID='scheduled__2026-07-10T20:00:00+00:00'
[2026-07-10T21:00:12.285+0000] {taskinstance.py:731} INFO - ::endgroup::
[2026-07-10T21:00:12.315+0000] {subprocess.py:78} INFO - Tmp dir root location: /tmp
[2026-07-10T21:00:12.316+0000] {subprocess.py:88} INFO - Running command: ['/usr/bin/bash', '-c', 'cd /opt/airflow/weather_dbt && dbt run']
[2026-07-10T21:00:12.337+0000] {subprocess.py:99} INFO - Output:
[2026-07-10T21:00:17.661+0000] {subprocess.py:106} INFO - [0m21:00:17  Running with dbt=1.11.12
[2026-07-10T21:00:18.368+0000] {subprocess.py:106} INFO - [0m21:00:18  Registered adapter: postgres=1.10.2
[2026-07-10T21:00:18.997+0000] {subprocess.py:106} INFO - [0m21:00:18  [[33mWARNING[0m]: Configuration paths exist in your dbt_project.yml file which do not apply to any resources.
[2026-07-10T21:00:18.998+0000] {subprocess.py:106} INFO - There are 1 unused configuration paths:
[2026-07-10T21:00:18.998+0000] {subprocess.py:106} INFO - - models.weather_dbt.example
[2026-07-10T21:00:19.315+0000] {subprocess.py:106} INFO - [0m21:00:19  Found 1 model, 1 source, 475 macros
[2026-07-10T21:00:19.319+0000] {subprocess.py:106} INFO - [0m21:00:19
[2026-07-10T21:00:19.320+0000] {subprocess.py:106} INFO - [0m21:00:19  Concurrency: 1 threads (target='dev')
[2026-07-10T21:00:19.321+0000] {subprocess.py:106} INFO - [0m21:00:19
[2026-07-10T21:00:19.504+0000] {subprocess.py:106} INFO - [0m21:00:19  1 of 1 START sql view model raw_staging.stg_data ............................... [RUN]
[2026-07-10T21:00:19.791+0000] {subprocess.py:106} INFO - [0m21:00:19  1 of 1 OK created sql view model raw_staging.stg_data .......................... [[32mCREATE VIEW[0m in 0.28s]
[2026-07-10T21:00:19.810+0000] {subprocess.py:106} INFO - [0m21:00:19
[2026-07-10T21:00:19.811+0000] {subprocess.py:106} INFO - [0m21:00:19  Finished running 1 view model in 0 hours 0 minutes and 0.49 seconds (0.49s).
[2026-07-10T21:00:19.886+0000] {subprocess.py:106} INFO - [0m21:00:19
[2026-07-10T21:00:19.887+0000] {subprocess.py:106} INFO - [0m21:00:19  [32mCompleted successfully[0m
[2026-07-10T21:00:19.888+0000] {subprocess.py:106} INFO - [0m21:00:19
[2026-07-10T21:00:19.888+0000] {subprocess.py:106} INFO - [0m21:00:19  Done. PASS=1 WARN=0 ERROR=0 SKIP=0 NO-OP=0 TOTAL=1
[2026-07-10T21:00:21.680+0000] {subprocess.py:110} INFO - Command exited with return code 0
[2026-07-10T21:00:21.740+0000] {taskinstance.py:340} INFO - ::group::Post task execution logs
[2026-07-10T21:00:21.741+0000] {taskinstance.py:352} INFO - Marking task as SUCCESS. dag_id=weather_scrape_and_load, task_id=dbt_run, run_id=scheduled__2026-07-10T20:00:00+00:00, execution_date=20260710T200000, start_date=20260710T210011, end_date=20260710T210021
[2026-07-10T21:00:21.810+0000] {local_task_job_runner.py:266} INFO - Task exited with return code 0
[2026-07-10T21:00:21.838+0000] {taskinstance.py:3895} INFO - 0 downstream tasks scheduled from follow-on schedule check
[2026-07-10T21:00:21.842+0000] {local_task_job_runner.py:245} INFO - ::endgroup::
