[2026-07-10T17:54:34.264+0000] {local_task_job_runner.py:123} INFO - ::group::Pre task execution logs
[2026-07-10T17:54:34.310+0000] {taskinstance.py:2613} INFO - Dependencies all met for dep_context=non-requeueable deps ti=<TaskInstance: weather_scrape_and_load.dbt_run manual__2026-07-10T17:43:51+00:00 [queued]>
[2026-07-10T17:54:34.330+0000] {taskinstance.py:2613} INFO - Dependencies all met for dep_context=requeueable deps ti=<TaskInstance: weather_scrape_and_load.dbt_run manual__2026-07-10T17:43:51+00:00 [queued]>
[2026-07-10T17:54:34.331+0000] {taskinstance.py:2866} INFO - Starting attempt 1 of 3
[2026-07-10T17:54:34.370+0000] {taskinstance.py:2889} INFO - Executing <Task(BashOperator): dbt_run> on 2026-07-10 17:43:51+00:00
[2026-07-10T17:54:34.387+0000] {standard_task_runner.py:104} INFO - Running: ['airflow', 'tasks', 'run', 'weather_scrape_and_load', 'dbt_run', 'manual__2026-07-10T17:43:51+00:00', '--job-id', '17', '--raw', '--subdir', 'DAGS_FOLDER/weather_scrape_dag.py', '--cfg-path', '/tmp/tmpj49p1zi_']
[2026-07-10T17:54:34.392+0000] {standard_task_runner.py:105} INFO - Job 17: Subtask dbt_run
[2026-07-10T17:54:34.397+0000] {logging_mixin.py:190} WARNING - /home/airflow/.local/lib/python3.12/site-packages/airflow/task/task_runner/standard_task_runner.py:70 DeprecationWarning: This process (pid=297) is multi-threaded, use of fork() may lead to deadlocks in the child.
[2026-07-10T17:54:34.398+0000] {standard_task_runner.py:72} INFO - Started process 299 to run task
[2026-07-10T17:54:34.500+0000] {task_command.py:467} INFO - Running <TaskInstance: weather_scrape_and_load.dbt_run manual__2026-07-10T17:43:51+00:00 [running]> on host 8a54ca2d50f9
[2026-07-10T17:54:34.707+0000] {taskinstance.py:3132} INFO - Exporting env vars: AIRFLOW_CTX_DAG_OWNER='otto' AIRFLOW_CTX_DAG_ID='weather_scrape_and_load' AIRFLOW_CTX_TASK_ID='dbt_run' AIRFLOW_CTX_EXECUTION_DATE='2026-07-10T17:43:51+00:00' AIRFLOW_CTX_TRY_NUMBER='1' AIRFLOW_CTX_DAG_RUN_ID='manual__2026-07-10T17:43:51+00:00'
[2026-07-10T17:54:34.708+0000] {taskinstance.py:731} INFO - ::endgroup::
[2026-07-10T17:54:34.744+0000] {subprocess.py:78} INFO - Tmp dir root location: /tmp
[2026-07-10T17:54:34.745+0000] {subprocess.py:88} INFO - Running command: ['/usr/bin/bash', '-c', 'cd /opt/airflow/weather_dbt && dbt run']
[2026-07-10T17:54:34.767+0000] {subprocess.py:99} INFO - Output:
[2026-07-10T17:54:41.196+0000] {subprocess.py:106} INFO - [0m17:54:41  Running with dbt=1.11.12
[2026-07-10T17:54:41.960+0000] {subprocess.py:106} INFO - [0m17:54:41  Registered adapter: postgres=1.10.2
[2026-07-10T17:54:42.598+0000] {subprocess.py:106} INFO - [0m17:54:42  [[33mWARNING[0m]: Configuration paths exist in your dbt_project.yml file which do not apply to any resources.
[2026-07-10T17:54:42.599+0000] {subprocess.py:106} INFO - There are 1 unused configuration paths:
[2026-07-10T17:54:42.599+0000] {subprocess.py:106} INFO - - models.weather_dbt.example
[2026-07-10T17:54:42.948+0000] {subprocess.py:106} INFO - [0m17:54:42  Found 1 model, 1 source, 475 macros
[2026-07-10T17:54:42.954+0000] {subprocess.py:106} INFO - [0m17:54:42
[2026-07-10T17:54:42.955+0000] {subprocess.py:106} INFO - [0m17:54:42  Concurrency: 1 threads (target='dev')
[2026-07-10T17:54:42.956+0000] {subprocess.py:106} INFO - [0m17:54:42
[2026-07-10T17:54:43.180+0000] {subprocess.py:106} INFO - [0m17:54:43  1 of 1 START sql view model raw_staging.stg_data ............................... [RUN]
[2026-07-10T17:54:43.486+0000] {subprocess.py:106} INFO - [0m17:54:43  1 of 1 OK created sql view model raw_staging.stg_data .......................... [[32mCREATE VIEW[0m in 0.30s]
[2026-07-10T17:54:43.508+0000] {subprocess.py:106} INFO - [0m17:54:43
[2026-07-10T17:54:43.509+0000] {subprocess.py:106} INFO - [0m17:54:43  Finished running 1 view model in 0 hours 0 minutes and 0.55 seconds (0.55s).
[2026-07-10T17:54:43.644+0000] {subprocess.py:106} INFO - [0m17:54:43
[2026-07-10T17:54:43.646+0000] {subprocess.py:106} INFO - [0m17:54:43  [32mCompleted successfully[0m
[2026-07-10T17:54:43.649+0000] {subprocess.py:106} INFO - [0m17:54:43
[2026-07-10T17:54:43.651+0000] {subprocess.py:106} INFO - [0m17:54:43  Done. PASS=1 WARN=0 ERROR=0 SKIP=0 NO-OP=0 TOTAL=1
[2026-07-10T17:54:45.394+0000] {subprocess.py:110} INFO - Command exited with return code 0
[2026-07-10T17:54:45.456+0000] {taskinstance.py:340} INFO - ::group::Post task execution logs
[2026-07-10T17:54:45.457+0000] {taskinstance.py:352} INFO - Marking task as SUCCESS. dag_id=weather_scrape_and_load, task_id=dbt_run, run_id=manual__2026-07-10T17:43:51+00:00, execution_date=20260710T174351, start_date=20260710T175434, end_date=20260710T175445
[2026-07-10T17:54:45.493+0000] {local_task_job_runner.py:266} INFO - Task exited with return code 0
[2026-07-10T17:54:45.525+0000] {taskinstance.py:3895} INFO - 0 downstream tasks scheduled from follow-on schedule check
[2026-07-10T17:54:45.529+0000] {local_task_job_runner.py:245} INFO - ::endgroup::
