[2026-07-14T20:15:05.335+0000] {local_task_job_runner.py:123} INFO - ::group::Pre task execution logs
[2026-07-14T20:15:05.367+0000] {taskinstance.py:2613} INFO - Dependencies all met for dep_context=non-requeueable deps ti=<TaskInstance: weather_scrape_and_load.dbt_run scheduled__2026-07-14T19:00:00+00:00 [queued]>
[2026-07-14T20:15:05.383+0000] {taskinstance.py:2613} INFO - Dependencies all met for dep_context=requeueable deps ti=<TaskInstance: weather_scrape_and_load.dbt_run scheduled__2026-07-14T19:00:00+00:00 [queued]>
[2026-07-14T20:15:05.383+0000] {taskinstance.py:2866} INFO - Starting attempt 1 of 3
[2026-07-14T20:15:05.407+0000] {taskinstance.py:2889} INFO - Executing <Task(BashOperator): dbt_run> on 2026-07-14 19:00:00+00:00
[2026-07-14T20:15:05.420+0000] {standard_task_runner.py:104} INFO - Running: ['airflow', 'tasks', 'run', 'weather_scrape_and_load', 'dbt_run', 'scheduled__2026-07-14T19:00:00+00:00', '--job-id', '164', '--raw', '--subdir', 'DAGS_FOLDER/weather_scrape_dag.py', '--cfg-path', '/tmp/tmpkv0bqnne']
[2026-07-14T20:15:05.424+0000] {standard_task_runner.py:105} INFO - Job 164: Subtask dbt_run
[2026-07-14T20:15:05.427+0000] {logging_mixin.py:190} WARNING - /home/airflow/.local/lib/python3.12/site-packages/airflow/task/task_runner/standard_task_runner.py:70 DeprecationWarning: This process (pid=6741) is multi-threaded, use of fork() may lead to deadlocks in the child.
[2026-07-14T20:15:05.428+0000] {standard_task_runner.py:72} INFO - Started process 6742 to run task
[2026-07-14T20:15:05.512+0000] {task_command.py:467} INFO - Running <TaskInstance: weather_scrape_and_load.dbt_run scheduled__2026-07-14T19:00:00+00:00 [running]> on host 24be19205f98
[2026-07-14T20:15:05.689+0000] {taskinstance.py:3132} INFO - Exporting env vars: AIRFLOW_CTX_DAG_OWNER='otto' AIRFLOW_CTX_DAG_ID='weather_scrape_and_load' AIRFLOW_CTX_TASK_ID='dbt_run' AIRFLOW_CTX_EXECUTION_DATE='2026-07-14T19:00:00+00:00' AIRFLOW_CTX_TRY_NUMBER='1' AIRFLOW_CTX_DAG_RUN_ID='scheduled__2026-07-14T19:00:00+00:00'
[2026-07-14T20:15:05.690+0000] {taskinstance.py:731} INFO - ::endgroup::
[2026-07-14T20:15:05.722+0000] {subprocess.py:78} INFO - Tmp dir root location: /tmp
[2026-07-14T20:15:05.723+0000] {subprocess.py:88} INFO - Running command: ['/usr/bin/bash', '-c', 'cd /opt/airflow/weather_dbt && dbt run']
[2026-07-14T20:15:05.740+0000] {subprocess.py:99} INFO - Output:
[2026-07-14T20:15:10.836+0000] {subprocess.py:106} INFO - [0m20:15:10  Running with dbt=1.11.12
[2026-07-14T20:15:11.452+0000] {subprocess.py:106} INFO - [0m20:15:11  Registered adapter: postgres=1.10.2
[2026-07-14T20:15:11.942+0000] {subprocess.py:106} INFO - [0m20:15:11  [[33mWARNING[0m]: Configuration paths exist in your dbt_project.yml file which do not apply to any resources.
[2026-07-14T20:15:11.943+0000] {subprocess.py:106} INFO - There are 1 unused configuration paths:
[2026-07-14T20:15:11.943+0000] {subprocess.py:106} INFO - - models.weather_dbt.example
[2026-07-14T20:15:12.243+0000] {subprocess.py:106} INFO - [0m20:15:12  Found 1 model, 1 source, 475 macros
[2026-07-14T20:15:12.249+0000] {subprocess.py:106} INFO - [0m20:15:12
[2026-07-14T20:15:12.249+0000] {subprocess.py:106} INFO - [0m20:15:12  Concurrency: 1 threads (target='dev')
[2026-07-14T20:15:12.250+0000] {subprocess.py:106} INFO - [0m20:15:12
[2026-07-14T20:15:12.424+0000] {subprocess.py:106} INFO - [0m20:15:12  1 of 1 START sql view model raw_staging.stg_data ............................... [RUN]
[2026-07-14T20:15:12.686+0000] {subprocess.py:106} INFO - [0m20:15:12  1 of 1 OK created sql view model raw_staging.stg_data .......................... [[32mCREATE VIEW[0m in 0.26s]
[2026-07-14T20:15:12.709+0000] {subprocess.py:106} INFO - [0m20:15:12
[2026-07-14T20:15:12.709+0000] {subprocess.py:106} INFO - [0m20:15:12  Finished running 1 view model in 0 hours 0 minutes and 0.46 seconds (0.46s).
[2026-07-14T20:15:12.794+0000] {subprocess.py:106} INFO - [0m20:15:12
[2026-07-14T20:15:12.795+0000] {subprocess.py:106} INFO - [0m20:15:12  [32mCompleted successfully[0m
[2026-07-14T20:15:12.796+0000] {subprocess.py:106} INFO - [0m20:15:12
[2026-07-14T20:15:12.796+0000] {subprocess.py:106} INFO - [0m20:15:12  Done. PASS=1 WARN=0 ERROR=0 SKIP=0 NO-OP=0 TOTAL=1
[2026-07-14T20:15:14.483+0000] {subprocess.py:110} INFO - Command exited with return code 0
[2026-07-14T20:15:14.531+0000] {taskinstance.py:340} INFO - ::group::Post task execution logs
[2026-07-14T20:15:14.532+0000] {taskinstance.py:352} INFO - Marking task as SUCCESS. dag_id=weather_scrape_and_load, task_id=dbt_run, run_id=scheduled__2026-07-14T19:00:00+00:00, execution_date=20260714T190000, start_date=20260714T201505, end_date=20260714T201514
[2026-07-14T20:15:14.592+0000] {local_task_job_runner.py:266} INFO - Task exited with return code 0
[2026-07-14T20:15:14.621+0000] {taskinstance.py:3895} INFO - 0 downstream tasks scheduled from follow-on schedule check
[2026-07-14T20:15:14.624+0000] {local_task_job_runner.py:245} INFO - ::endgroup::
