[2026-07-11T18:00:09.095+0000] {local_task_job_runner.py:123} INFO - ::group::Pre task execution logs
[2026-07-11T18:00:09.128+0000] {taskinstance.py:2613} INFO - Dependencies all met for dep_context=non-requeueable deps ti=<TaskInstance: weather_scrape_and_load.dbt_run scheduled__2026-07-11T17:00:00+00:00 [queued]>
[2026-07-11T18:00:09.144+0000] {taskinstance.py:2613} INFO - Dependencies all met for dep_context=requeueable deps ti=<TaskInstance: weather_scrape_and_load.dbt_run scheduled__2026-07-11T17:00:00+00:00 [queued]>
[2026-07-11T18:00:09.145+0000] {taskinstance.py:2866} INFO - Starting attempt 1 of 3
[2026-07-11T18:00:09.175+0000] {taskinstance.py:2889} INFO - Executing <Task(BashOperator): dbt_run> on 2026-07-11 17:00:00+00:00
[2026-07-11T18:00:09.189+0000] {logging_mixin.py:190} WARNING - /home/airflow/.local/lib/python3.12/site-packages/airflow/task/task_runner/standard_task_runner.py:70 DeprecationWarning: This process (pid=15030) is multi-threaded, use of fork() may lead to deadlocks in the child.
[2026-07-11T18:00:09.191+0000] {standard_task_runner.py:72} INFO - Started process 15031 to run task
[2026-07-11T18:00:09.190+0000] {standard_task_runner.py:104} INFO - Running: ['airflow', 'tasks', 'run', 'weather_scrape_and_load', 'dbt_run', 'scheduled__2026-07-11T17:00:00+00:00', '--job-id', '69', '--raw', '--subdir', 'DAGS_FOLDER/weather_scrape_dag.py', '--cfg-path', '/tmp/tmpc579gzje']
[2026-07-11T18:00:09.193+0000] {standard_task_runner.py:105} INFO - Job 69: Subtask dbt_run
[2026-07-11T18:00:09.280+0000] {task_command.py:467} INFO - Running <TaskInstance: weather_scrape_and_load.dbt_run scheduled__2026-07-11T17:00:00+00:00 [running]> on host 8a54ca2d50f9
[2026-07-11T18:00:09.446+0000] {taskinstance.py:3132} INFO - Exporting env vars: AIRFLOW_CTX_DAG_OWNER='otto' AIRFLOW_CTX_DAG_ID='weather_scrape_and_load' AIRFLOW_CTX_TASK_ID='dbt_run' AIRFLOW_CTX_EXECUTION_DATE='2026-07-11T17:00:00+00:00' AIRFLOW_CTX_TRY_NUMBER='1' AIRFLOW_CTX_DAG_RUN_ID='scheduled__2026-07-11T17:00:00+00:00'
[2026-07-11T18:00:09.448+0000] {taskinstance.py:731} INFO - ::endgroup::
[2026-07-11T18:00:09.479+0000] {subprocess.py:78} INFO - Tmp dir root location: /tmp
[2026-07-11T18:00:09.480+0000] {subprocess.py:88} INFO - Running command: ['/usr/bin/bash', '-c', 'cd /opt/airflow/weather_dbt && dbt run']
[2026-07-11T18:00:09.501+0000] {subprocess.py:99} INFO - Output:
[2026-07-11T18:00:14.462+0000] {subprocess.py:106} INFO - [0m18:00:14  Running with dbt=1.11.12
[2026-07-11T18:00:15.079+0000] {subprocess.py:106} INFO - [0m18:00:15  Registered adapter: postgres=1.10.2
[2026-07-11T18:00:15.543+0000] {subprocess.py:106} INFO - [0m18:00:15  [[33mWARNING[0m]: Configuration paths exist in your dbt_project.yml file which do not apply to any resources.
[2026-07-11T18:00:15.543+0000] {subprocess.py:106} INFO - There are 1 unused configuration paths:
[2026-07-11T18:00:15.544+0000] {subprocess.py:106} INFO - - models.weather_dbt.example
[2026-07-11T18:00:15.840+0000] {subprocess.py:106} INFO - [0m18:00:15  Found 1 model, 1 source, 475 macros
[2026-07-11T18:00:15.845+0000] {subprocess.py:106} INFO - [0m18:00:15
[2026-07-11T18:00:15.845+0000] {subprocess.py:106} INFO - [0m18:00:15  Concurrency: 1 threads (target='dev')
[2026-07-11T18:00:15.846+0000] {subprocess.py:106} INFO - [0m18:00:15
[2026-07-11T18:00:16.030+0000] {subprocess.py:106} INFO - [0m18:00:16  1 of 1 START sql view model raw_staging.stg_data ............................... [RUN]
[2026-07-11T18:00:16.290+0000] {subprocess.py:106} INFO - [0m18:00:16  1 of 1 OK created sql view model raw_staging.stg_data .......................... [[32mCREATE VIEW[0m in 0.26s]
[2026-07-11T18:00:16.309+0000] {subprocess.py:106} INFO - [0m18:00:16
[2026-07-11T18:00:16.309+0000] {subprocess.py:106} INFO - [0m18:00:16  Finished running 1 view model in 0 hours 0 minutes and 0.46 seconds (0.46s).
[2026-07-11T18:00:16.383+0000] {subprocess.py:106} INFO - [0m18:00:16
[2026-07-11T18:00:16.384+0000] {subprocess.py:106} INFO - [0m18:00:16  [32mCompleted successfully[0m
[2026-07-11T18:00:16.385+0000] {subprocess.py:106} INFO - [0m18:00:16
[2026-07-11T18:00:16.386+0000] {subprocess.py:106} INFO - [0m18:00:16  Done. PASS=1 WARN=0 ERROR=0 SKIP=0 NO-OP=0 TOTAL=1
[2026-07-11T18:00:18.187+0000] {subprocess.py:110} INFO - Command exited with return code 0
[2026-07-11T18:00:18.245+0000] {taskinstance.py:340} INFO - ::group::Post task execution logs
[2026-07-11T18:00:18.246+0000] {taskinstance.py:352} INFO - Marking task as SUCCESS. dag_id=weather_scrape_and_load, task_id=dbt_run, run_id=scheduled__2026-07-11T17:00:00+00:00, execution_date=20260711T170000, start_date=20260711T180009, end_date=20260711T180018
[2026-07-11T18:00:18.299+0000] {local_task_job_runner.py:266} INFO - Task exited with return code 0
[2026-07-11T18:00:18.329+0000] {taskinstance.py:3895} INFO - 0 downstream tasks scheduled from follow-on schedule check
[2026-07-11T18:00:18.333+0000] {local_task_job_runner.py:245} INFO - ::endgroup::
